Archive member included to satisfy reference by file (symbol)

c:/st/stm32cubeide_1.11.0/stm32cubeide/plugins/com.st.stm32cube.ide.mcu.externaltools.gnu-tools-for-stm32.10.3-2021.10.win32_1.0.100.202210260954/tools/bin/../lib/gcc/arm-none-eabi/10.3.1/../../../../arm-none-eabi/lib/thumb/v8-m.main+fp/hard\libc_nano.a(lib_a-errno.o)
                              ./Core/Src/syscalls.o (__errno)
c:/st/stm32cubeide_1.11.0/stm32cubeide/plugins/com.st.stm32cube.ide.mcu.externaltools.gnu-tools-for-stm32.10.3-2021.10.win32_1.0.100.202210260954/tools/bin/../lib/gcc/arm-none-eabi/10.3.1/../../../../arm-none-eabi/lib/thumb/v8-m.main+fp/hard\libc_nano.a(lib_a-exit.o)
                              c:/st/stm32cubeide_1.11.0/stm32cubeide/plugins/com.st.stm32cube.ide.mcu.externaltools.gnu-tools-for-stm32.10.3-2021.10.win32_1.0.100.202210260954/tools/bin/../lib/gcc/arm-none-eabi/10.3.1/../../../../arm-none-eabi/lib/thumb/v8-m.main+fp/hard/crt0.o (exit)
c:/st/stm32cubeide_1.11.0/stm32cubeide/plugins/com.st.stm32cube.ide.mcu.externaltools.gnu-tools-for-stm32.10.3-2021.10.win32_1.0.100.202210260954/tools/bin/../lib/gcc/arm-none-eabi/10.3.1/../../../../arm-none-eabi/lib/thumb/v8-m.main+fp/hard\libc_nano.a(lib_a-impure.o)
                              c:/st/stm32cubeide_1.11.0/stm32cubeide/plugins/com.st.stm32cube.ide.mcu.externaltools.gnu-tools-for-stm32.10.3-2021.10.win32_1.0.100.202210260954/tools/bin/../lib/gcc/arm-none-eabi/10.3.1/../../../../arm-none-eabi/lib/thumb/v8-m.main+fp/hard\libc_nano.a(lib_a-exit.o) (_global_impure_ptr)
c:/st/stm32cubeide_1.11.0/stm32cubeide/plugins/com.st.stm32cube.ide.mcu.externaltools.gnu-tools-for-stm32.10.3-2021.10.win32_1.0.100.202210260954/tools/bin/../lib/gcc/arm-none-eabi/10.3.1/../../../../arm-none-eabi/lib/thumb/v8-m.main+fp/hard\libc_nano.a(lib_a-init.o)
                              c:/st/stm32cubeide_1.11.0/stm32cubeide/plugins/com.st.stm32cube.ide.mcu.externaltools.gnu-tools-for-stm32.10.3-2021.10.win32_1.0.100.202210260954/tools/bin/../lib/gcc/arm-none-eabi/10.3.1/../../../../arm-none-eabi/lib/thumb/v8-m.main+fp/hard/crt0.o (__libc_init_array)
c:/st/stm32cubeide_1.11.0/stm32cubeide/plugins/com.st.stm32cube.ide.mcu.externaltools.gnu-tools-for-stm32.10.3-2021.10.win32_1.0.100.202210260954/tools/bin/../lib/gcc/arm-none-eabi/10.3.1/../../../../arm-none-eabi/lib/thumb/v8-m.main+fp/hard\libc_nano.a(lib_a-memset.o)
                              c:/st/stm32cubeide_1.11.0/stm32cubeide/plugins/com.st.stm32cube.ide.mcu.externaltools.gnu-tools-for-stm32.10.3-2021.10.win32_1.0.100.202210260954/tools/bin/../lib/gcc/arm-none-eabi/10.3.1/../../../../arm-none-eabi/lib/thumb/v8-m.main+fp/hard/crt0.o (memset)
c:/st/stm32cubeide_1.11.0/stm32cubeide/plugins/com.st.stm32cube.ide.mcu.externaltools.gnu-tools-for-stm32.10.3-2021.10.win32_1.0.100.202210260954/tools/bin/../lib/gcc/arm-none-eabi/10.3.1/thumb/v8-m.main+fp/hard\libgcc.a(_aeabi_uldivmod.o)
                              ./Drivers/STM32U5xx_HAL_Driver/Src/stm32u5xx_hal_uart.o (__aeabi_uldivmod)
c:/st/stm32cubeide_1.11.0/stm32cubeide/plugins/com.st.stm32cube.ide.mcu.externaltools.gnu-tools-for-stm32.10.3-2021.10.win32_1.0.100.202210260954/tools/bin/../lib/gcc/arm-none-eabi/10.3.1/thumb/v8-m.main+fp/hard\libgcc.a(_udivmoddi4.o)
                              c:/st/stm32cubeide_1.11.0/stm32cubeide/plugins/com.st.stm32cube.ide.mcu.externaltools.gnu-tools-for-stm32.10.3-2021.10.win32_1.0.100.202210260954/tools/bin/../lib/gcc/arm-none-eabi/10.3.1/thumb/v8-m.main+fp/hard\libgcc.a(_aeabi_uldivmod.o) (__udivmoddi4)
c:/st/stm32cubeide_1.11.0/stm32cubeide/plugins/com.st.stm32cube.ide.mcu.externaltools.gnu-tools-for-stm32.10.3-2021.10.win32_1.0.100.202210260954/tools/bin/../lib/gcc/arm-none-eabi/10.3.1/thumb/v8-m.main+fp/hard\libgcc.a(_dvmd_tls.o)
                              c:/st/stm32cubeide_1.11.0/stm32cubeide/plugins/com.st.stm32cube.ide.mcu.externaltools.gnu-tools-for-stm32.10.3-2021.10.win32_1.0.100.202210260954/tools/bin/../lib/gcc/arm-none-eabi/10.3.1/thumb/v8-m.main+fp/hard\libgcc.a(_aeabi_uldivmod.o) (__aeabi_ldiv0)

Discarded input sections

 .text          0x0000000000000000        0x0 c:/st/stm32cubeide_1.11.0/stm32cubeide/plugins/com.st.stm32cube.ide.mcu.externaltools.gnu-tools-for-stm32.10.3-2021.10.win32_1.0.100.202210260954/tools/bin/../lib/gcc/arm-none-eabi/10.3.1/thumb/v8-m.main+fp/hard/crti.o
 .data          0x0000000000000000        0x0 c:/st/stm32cubeide_1.11.0/stm32cubeide/plugins/com.st.stm32cube.ide.mcu.externaltools.gnu-tools-for-stm32.10.3-2021.10.win32_1.0.100.202210260954/tools/bin/../lib/gcc/arm-none-eabi/10.3.1/thumb/v8-m.main+fp/hard/crti.o
 .bss           0x0000000000000000        0x0 c:/st/stm32cubeide_1.11.0/stm32cubeide/plugins/com.st.stm32cube.ide.mcu.externaltools.gnu-tools-for-stm32.10.3-2021.10.win32_1.0.100.202210260954/tools/bin/../lib/gcc/arm-none-eabi/10.3.1/thumb/v8-m.main+fp/hard/crti.o
[...]
Memory Configuration

Name             Origin             Length             Attributes
RAM              0x0000000020000000 0x00000000000c0000 xrw
SRAM4            0x0000000028000000 0x0000000000004000 xrw
FLASH            0x0000000008000000 0x0000000000200000 xr
*default*        0x0000000000000000 0xffffffffffffffff

Linker script and memory map

LOAD c:/st/stm32cubeide_1.11.0/stm32cubeide/plugins/com.st.stm32cube.ide.mcu.externaltools.gnu-tools-for-stm32.10.3-2021.10.win32_1.0.100.202210260954/tools/bin/../lib/gcc/arm-none-eabi/10.3.1/thumb/v8-m.main+fp/hard/crti.o
LOAD c:/st/stm32cubeide_1.11.0/stm32cubeide/plugins/com.st.stm32cube.ide.mcu.externaltools.gnu-tools-for-stm32.10.3-2021.10.win32_1.0.100.202210260954/tools/bin/../lib/gcc/arm-none-eabi/10.3.1/thumb/v8-m.main+fp/hard/crtbegin.o
LOAD c:/st/stm32cubeide_1.11.0/stm32cubeide/plugins/com.st.stm32cube.ide.mcu.externaltools.gnu-tools-for-stm32.10.3-2021.10.win32_1.0.100.202210260954/tools/bin/../lib/gcc/arm-none-eabi/10.3.1/../../../../arm-none-eabi/lib/thumb/v8-m.main+fp/hard/crt0.o
LOAD ./Core/Src/BSP_ICACHE_Init.o
LOAD ./Core/Src/BSP_MX_GPIO_Init.o
LOAD ./Core/Src/BSP_SystemClock_Config.o
LOAD ./Core/Src/BSP_SystemPower_Config.o
LOAD ./Core/Src/BSP_UART_Init.o
LOAD ./Core/Src/main.o
LOAD ./Core/Src/stm32u5xx_hal_msp.o
LOAD ./Core/Src/stm32u5xx_hal_timebase_tim.o
LOAD ./Core/Src/stm32u5xx_it.o
LOAD ./Core/Src/syscalls.o
LOAD ./Core/Src/sysmem.o
LOAD ./Core/Src/system_stm32u5xx.o
LOAD ./Core/Startup/startup_stm32u575zitxq.o
LOAD ./Drivers/STM32U5xx_HAL_Driver/Src/stm32u5xx_hal.o
LOAD ./Drivers/STM32U5xx_HAL_Driver/Src/stm32u5xx_hal_cortex.o
LOAD ./Drivers/STM32U5xx_HAL_Driver/Src/stm32u5xx_hal_dma.o
LOAD ./Drivers/STM32U5xx_HAL_Driver/Src/stm32u5xx_hal_dma_ex.o
LOAD ./Drivers/STM32U5xx_HAL_Driver/Src/stm32u5xx_hal_exti.o
LOAD ./Drivers/STM32U5xx_HAL_Driver/Src/stm32u5xx_hal_flash.o
LOAD ./Drivers/STM32U5xx_HAL_Driver/Src/stm32u5xx_hal_flash_ex.o
LOAD ./Drivers/STM32U5xx_HAL_Driver/Src/stm32u5xx_hal_gpio.o
LOAD ./Drivers/STM32U5xx_HAL_Driver/Src/stm32u5xx_hal_gtzc.o
LOAD ./Drivers/STM32U5xx_HAL_Driver/Src/stm32u5xx_hal_i2c.o
LOAD ./Drivers/STM32U5xx_HAL_Driver/Src/stm32u5xx_hal_i2c_ex.o
LOAD ./Drivers/STM32U5xx_HAL_Driver/Src/stm32u5xx_hal_icache.o
LOAD ./Drivers/STM32U5xx_HAL_Driver/Src/stm32u5xx_hal_pwr.o
LOAD ./Drivers/STM32U5xx_HAL_Driver/Src/stm32u5xx_hal_pwr_ex.o
LOAD ./Drivers/STM32U5xx_HAL_Driver/Src/stm32u5xx_hal_rcc.o
LOAD ./Drivers/STM32U5xx_HAL_Driver/Src/stm32u5xx_hal_rcc_ex.o
LOAD ./Drivers/STM32U5xx_HAL_Driver/Src/stm32u5xx_hal_tim.o
LOAD ./Drivers/STM32U5xx_HAL_Driver/Src/stm32u5xx_hal_tim_ex.o
LOAD ./Drivers/STM32U5xx_HAL_Driver/Src/stm32u5xx_hal_uart.o
LOAD ./Drivers/STM32U5xx_HAL_Driver/Src/stm32u5xx_hal_uart_ex.o
START GROUP
LOAD c:/st/stm32cubeide_1.11.0/stm32cubeide/plugins/com.st.stm32cube.ide.mcu.externaltools.gnu-tools-for-stm32.10.3-2021.10.win32_1.0.100.202210260954/tools/bin/../lib/gcc/arm-none-eabi/10.3.1/../../../../arm-none-eabi/lib/thumb/v8-m.main+fp/hard\libc_nano.a
LOAD c:/st/stm32cubeide_1.11.0/stm32cubeide/plugins/com.st.stm32cube.ide.mcu.externaltools.gnu-tools-for-stm32.10.3-2021.10.win32_1.0.100.202210260954/tools/bin/../lib/gcc/arm-none-eabi/10.3.1/../../../../arm-none-eabi/lib/thumb/v8-m.main+fp/hard\libm.a
END GROUP
START GROUP
LOAD c:/st/stm32cubeide_1.11.0/stm32cubeide/plugins/com.st.stm32cube.ide.mcu.externaltools.gnu-tools-for-stm32.10.3-2021.10.win32_1.0.100.202210260954/tools/bin/../lib/gcc/arm-none-eabi/10.3.1/thumb/v8-m.main+fp/hard\libgcc.a
LOAD c:/st/stm32cubeide_1.11.0/stm32cubeide/plugins/com.st.stm32cube.ide.mcu.externaltools.gnu-tools-for-stm32.10.3-2021.10.win32_1.0.100.202210260954/tools/bin/../lib/gcc/arm-none-eabi/10.3.1/../../../../arm-none-eabi/lib/thumb/v8-m.main+fp/hard\libc_nano.a
END GROUP
START GROUP
LOAD c:/st/stm32cubeide_1.11.0/stm32cubeide/plugins/com.st.stm32cube.ide.mcu.externaltools.gnu-tools-for-stm32.10.3-2021.10.win32_1.0.100.202210260954/tools/bin/../lib/gcc/arm-none-eabi/10.3.1/thumb/v8-m.main+fp/hard\libgcc.a
LOAD c:/st/stm32cubeide_1.11.0/stm32cubeide/plugins/com.st.stm32cube.ide.mcu.externaltools.gnu-tools-for-stm32.10.3-2021.10.win32_1.0.100.202210260954/tools/bin/../lib/gcc/arm-none-eabi/10.3.1/../../../../arm-none-eabi/lib/thumb/v8-m.main+fp/hard\libc_nano.a
LOAD c:/st/stm32cubeide_1.11.0/stm32cubeide/plugins/com.st.stm32cube.ide.mcu.externaltools.gnu-tools-for-stm32.10.3-2021.10.win32_1.0.100.202210260954/tools/bin/../lib/gcc/arm-none-eabi/10.3.1/../../../../arm-none-eabi/lib/thumb/v8-m.main+fp/hard\libnosys.a
END GROUP
START GROUP
LOAD c:/st/stm32cubeide_1.11.0/stm32cubeide/plugins/com.st.stm32cube.ide.mcu.externaltools.gnu-tools-for-stm32.10.3-2021.10.win32_1.0.100.202210260954/tools/bin/../lib/gcc/arm-none-eabi/10.3.1/thumb/v8-m.main+fp/hard\libgcc.a
LOAD c:/st/stm32cubeide_1.11.0/stm32cubeide/plugins/com.st.stm32cube.ide.mcu.externaltools.gnu-tools-for-stm32.10.3-2021.10.win32_1.0.100.202210260954/tools/bin/../lib/gcc/arm-none-eabi/10.3.1/../../../../arm-none-eabi/lib/thumb/v8-m.main+fp/hard\libc_nano.a
LOAD c:/st/stm32cubeide_1.11.0/stm32cubeide/plugins/com.st.stm32cube.ide.mcu.externaltools.gnu-tools-for-stm32.10.3-2021.10.win32_1.0.100.202210260954/tools/bin/../lib/gcc/arm-none-eabi/10.3.1/../../../../arm-none-eabi/lib/thumb/v8-m.main+fp/hard\libnosys.a
END GROUP
LOAD c:/st/stm32cubeide_1.11.0/stm32cubeide/plugins/com.st.stm32cube.ide.mcu.externaltools.gnu-tools-for-stm32.10.3-2021.10.win32_1.0.100.202210260954/tools/bin/../lib/gcc/arm-none-eabi/10.3.1/thumb/v8-m.main+fp/hard/crtend.o
LOAD c:/st/stm32cubeide_1.11.0/stm32cubeide/plugins/com.st.stm32cube.ide.mcu.externaltools.gnu-tools-for-stm32.10.3-2021.10.win32_1.0.100.202210260954/tools/bin/../lib/gcc/arm-none-eabi/10.3.1/thumb/v8-m.main+fp/hard/crtn.o
                0x00000000200c0000                _estack = (ORIGIN (RAM) + LENGTH (RAM))
                0x0000000000000200                _Min_Heap_Size = 0x200
                0x0000000000000400                _Min_Stack_Size = 0x400

.isr_vector     0x0000000008000000      0x234
 *(.isr_vector)
 .isr_vector    0x0000000008000000      0x234 ./Core/Startup/startup_stm32u575zitxq.o
                0x0000000008000000                g_pfnVectors

.text           0x0000000008000234     0x6470
 *(.text)
 .text          0x0000000008000234       0x40 c:/st/stm32cubeide_1.11.0/stm32cubeide/plugins/com.st.stm32cube.ide.mcu.externaltools.gnu-tools-for-stm32.10.3-2021.10.win32_1.0.100.202210260954/tools/bin/../lib/gcc/arm-none-eabi/10.3.1/thumb/v8-m.main+fp/hard/crtbegin.o
 .text          0x0000000008000274       0x30 c:/st/stm32cubeide_1.11.0/stm32cubeide/plugins/com.st.stm32cube.ide.mcu.externaltools.gnu-tools-for-stm32.10.3-2021.10.win32_1.0.100.202210260954/tools/bin/../lib/gcc/arm-none-eabi/10.3.1/thumb/v8-m.main+fp/hard\libgcc.a(_aeabi_uldivmod.o)
                0x0000000008000274                __aeabi_uldivmod
 .text          0x00000000080002a4      0x2ec c:/st/stm32cubeide_1.11.0/stm32cubeide/plugins/com.st.stm32cube.ide.mcu.externaltools.gnu-tools-for-stm32.10.3-2021.10.win32_1.0.100.202210260954/tools/bin/../lib/gcc/arm-none-eabi/10.3.1/thumb/v8-m.main+fp/hard\libgcc.a(_udivmoddi4.o)
                0x00000000080002a4                __udivmoddi4
 .text          0x0000000008000590        0x4 c:/st/stm32cubeide_1.11.0/stm32cubeide/plugins/com.st.stm32cube.ide.mcu.externaltools.gnu-tools-for-stm32.10.3-2021.10.win32_1.0.100.202210260954/tools/bin/../lib/gcc/arm-none-eabi/10.3.1/thumb/v8-m.main+fp/hard\libgcc.a(_dvmd_tls.o)
                0x0000000008000590                __aeabi_idiv0
                0x0000000008000590                __aeabi_ldiv0
 *(.text*)
 .text.MX_ICACHE_Init
                0x0000000008000594       0x26 ./Core/Src/BSP_ICACHE_Init.o
                0x0000000008000594                MX_ICACHE_Init
 *fill*         0x00000000080005ba        0x2 
 .text.MX_GPIO_Init
                0x00000000080005bc      0x1c4 ./Core/Src/BSP_MX_GPIO_Init.o
                0x00000000080005bc                MX_GPIO_Init
 .text.SystemClock_Config
                0x0000000008000780       0x92 ./Core/Src/BSP_SystemClock_Config.o
                0x0000000008000780                SystemClock_Config
 .text.SystemPower_Config
                0x0000000008000812       0x20 ./Core/Src/BSP_SystemPower_Config.o
                0x0000000008000812                SystemPower_Config
 *fill*         0x0000000008000832        0x2 
 .text.MX_USART1_UART_Init
                0x0000000008000834       0x98 ./Core/Src/BSP_UART_Init.o
                0x0000000008000834                MX_USART1_UART_Init
 .text.main     0x00000000080008cc       0x54 ./Core/Src/main.o
                0x00000000080008cc                main
 .text.HAL_TIM_PeriodElapsedCallback
                0x0000000008000920       0x24 ./Core/Src/main.o
                0x0000000008000920                HAL_TIM_PeriodElapsedCallback
 .text.Error_Handler
                0x0000000008000944        0xa ./Core/Src/main.o
                0x0000000008000944                Error_Handler
 *fill*         0x000000000800094e        0x2 
 .text.HAL_MspInit
                0x0000000008000950       0x38 ./Core/Src/stm32u5xx_hal_msp.o
                0x0000000008000950                HAL_MspInit
 .text.HAL_UART_MspInit
                0x0000000008000988       0xd0 ./Core/Src/stm32u5xx_hal_msp.o
                0x0000000008000988                HAL_UART_MspInit
 .text.HAL_InitTick
                0x0000000008000a58       0xe0 ./Core/Src/stm32u5xx_hal_timebase_tim.o
                0x0000000008000a58                HAL_InitTick
 .text.NMI_Handler
                0x0000000008000b38        0x6 ./Core/Src/stm32u5xx_it.o
                0x0000000008000b38                NMI_Handler
 .text.HardFault_Handler
                0x0000000008000b3e        0x6 ./Core/Src/stm32u5xx_it.o
                0x0000000008000b3e                HardFault_Handler
 .text.MemManage_Handler
                0x0000000008000b44        0x6 ./Core/Src/stm32u5xx_it.o
                0x0000000008000b44                MemManage_Handler
 .text.BusFault_Handler
                0x0000000008000b4a        0x6 ./Core/Src/stm32u5xx_it.o
                0x0000000008000b4a                BusFault_Handler
 .text.UsageFault_Handler
                0x0000000008000b50        0x6 ./Core/Src/stm32u5xx_it.o
                0x0000000008000b50                UsageFault_Handler
 .text.SVC_Handler
                0x0000000008000b56        0xe ./Core/Src/stm32u5xx_it.o
                0x0000000008000b56                SVC_Handler
 .text.DebugMon_Handler
                0x0000000008000b64        0xe ./Core/Src/stm32u5xx_it.o
                0x0000000008000b64                DebugMon_Handler
 .text.PendSV_Handler
                0x0000000008000b72        0xe ./Core/Src/stm32u5xx_it.o
                0x0000000008000b72                PendSV_Handler
 .text.SysTick_Handler
                0x0000000008000b80        0xe ./Core/Src/stm32u5xx_it.o
                0x0000000008000b80                SysTick_Handler
 *fill*         0x0000000008000b8e        0x2 
 .text.TIM17_IRQHandler
                0x0000000008000b90       0x14 ./Core/Src/stm32u5xx_it.o
                0x0000000008000b90                TIM17_IRQHandler
 .text.SystemInit
                0x0000000008000ba4       0x70 ./Core/Src/system_stm32u5xx.o
                0x0000000008000ba4                SystemInit
 .text.Reset_Handler
                0x0000000008000c14       0x50 ./Core/Startup/startup_stm32u575zitxq.o
                0x0000000008000c14                Reset_Handler
 .text.Default_Handler
                0x0000000008000c64        0x2 ./Core/Startup/startup_stm32u575zitxq.o
                0x0000000008000c64                EXTI2_IRQHandler
                0x0000000008000c64                TIM8_TRG_COM_IRQHandler
                0x0000000008000c64                TIM8_CC_IRQHandler
                0x0000000008000c64                EXTI5_IRQHandler
                0x0000000008000c64                FLASH_S_IRQHandler
                0x0000000008000c64                EXTI13_IRQHandler
                0x0000000008000c64                TIM1_CC_IRQHandler
                0x0000000008000c64                TSC_IRQHandler
                0x0000000008000c64                TAMP_IRQHandler
                0x0000000008000c64                TIM6_IRQHandler
                0x0000000008000c64                EXTI12_IRQHandler
                0x0000000008000c64                CORDIC_IRQHandler
                0x0000000008000c64                EXTI3_IRQHandler
                0x0000000008000c64                LPTIM4_IRQHandler
                0x0000000008000c64                GPDMA1_Channel5_IRQHandler
                0x0000000008000c64                EXTI8_IRQHandler
                0x0000000008000c64                LPTIM2_IRQHandler
                0x0000000008000c64                I2C3_ER_IRQHandler
                0x0000000008000c64                PWR_S3WU_IRQHandler
                0x0000000008000c64                MDF1_FLT2_IRQHandler
                0x0000000008000c64                LPDMA1_Channel3_IRQHandler
                0x0000000008000c64                LPTIM3_IRQHandler
                0x0000000008000c64                EXTI0_IRQHandler
                0x0000000008000c64                I2C2_EV_IRQHandler
                0x0000000008000c64                FPU_IRQHandler
                0x0000000008000c64                GPDMA1_Channel3_IRQHandler
                0x0000000008000c64                GPDMA1_Channel7_IRQHandler
                0x0000000008000c64                MDF1_FLT4_IRQHandler
                0x0000000008000c64                FDCAN1_IT1_IRQHandler
                0x0000000008000c64                RAMCFG_IRQHandler
                0x0000000008000c64                GPDMA1_Channel9_IRQHandler
                0x0000000008000c64                DCACHE1_IRQHandler
                0x0000000008000c64                SPI1_IRQHandler
                0x0000000008000c64                OCTOSPI1_IRQHandler
                0x0000000008000c64                GPDMA1_Channel2_IRQHandler
                0x0000000008000c64                TIM8_UP_IRQHandler
                0x0000000008000c64                RCC_S_IRQHandler
                0x0000000008000c64                OCTOSPI2_IRQHandler
                0x0000000008000c64                SAI2_IRQHandler
                0x0000000008000c64                MDF1_FLT1_IRQHandler
                0x0000000008000c64                ADC1_IRQHandler
                0x0000000008000c64                MDF1_FLT5_IRQHandler
                0x0000000008000c64                EXTI15_IRQHandler
                0x0000000008000c64                USART3_IRQHandler
                0x0000000008000c64                RTC_IRQHandler
                0x0000000008000c64                EXTI9_IRQHandler
                0x0000000008000c64                UART5_IRQHandler
                0x0000000008000c64                TIM4_IRQHandler
                0x0000000008000c64                I2C1_EV_IRQHandler
                0x0000000008000c64                GPDMA1_Channel12_IRQHandler
                0x0000000008000c64                GPDMA1_Channel1_IRQHandler
                0x0000000008000c64                TIM16_IRQHandler
                0x0000000008000c64                GPDMA1_Channel15_IRQHandler
                0x0000000008000c64                UART4_IRQHandler
                0x0000000008000c64                SecureFault_Handler
                0x0000000008000c64                TIM3_IRQHandler
                0x0000000008000c64                RCC_IRQHandler
                0x0000000008000c64                TIM1_TRG_COM_IRQHandler
                0x0000000008000c64                Default_Handler
                0x0000000008000c64                GPDMA1_Channel8_IRQHandler
                0x0000000008000c64                FMAC_IRQHandler
                0x0000000008000c64                GPDMA1_Channel11_IRQHandler
                0x0000000008000c64                TIM7_IRQHandler
                0x0000000008000c64                SDMMC1_IRQHandler
                0x0000000008000c64                TIM5_IRQHandler
                0x0000000008000c64                UCPD1_IRQHandler
                0x0000000008000c64                GPDMA1_Channel0_IRQHandler
                0x0000000008000c64                TIM15_IRQHandler
                0x0000000008000c64                I2C3_EV_IRQHandler
                0x0000000008000c64                LPDMA1_Channel0_IRQHandler
                0x0000000008000c64                PVD_PVM_IRQHandler
                0x0000000008000c64                SPI2_IRQHandler
                0x0000000008000c64                LPDMA1_Channel1_IRQHandler
                0x0000000008000c64                EXTI14_IRQHandler
                0x0000000008000c64                EXTI11_IRQHandler
                0x0000000008000c64                CRS_IRQHandler
                0x0000000008000c64                GPDMA1_Channel14_IRQHandler
                0x0000000008000c64                EXTI4_IRQHandler
                0x0000000008000c64                RTC_S_IRQHandler
                0x0000000008000c64                GPDMA1_Channel13_IRQHandler
                0x0000000008000c64                RNG_IRQHandler
                0x0000000008000c64                COMP_IRQHandler
                0x0000000008000c64                TIM1_UP_IRQHandler
                0x0000000008000c64                ADC4_IRQHandler
                0x0000000008000c64                WWDG_IRQHandler
                0x0000000008000c64                I2C4_EV_IRQHandler
                0x0000000008000c64                ADF1_IRQHandler
                0x0000000008000c64                IWDG_IRQHandler
                0x0000000008000c64                LPUART1_IRQHandler
                0x0000000008000c64                MDF1_FLT0_IRQHandler
                0x0000000008000c64                FDCAN1_IT0_IRQHandler
                0x0000000008000c64                TIM2_IRQHandler
                0x0000000008000c64                GPDMA1_Channel4_IRQHandler
                0x0000000008000c64                EXTI7_IRQHandler
                0x0000000008000c64                DMA2D_IRQHandler
                0x0000000008000c64                TIM1_BRK_IRQHandler
                0x0000000008000c64                EXTI1_IRQHandler
                0x0000000008000c64                SDMMC2_IRQHandler
                0x0000000008000c64                DAC1_IRQHandler
                0x0000000008000c64                GTZC_IRQHandler
                0x0000000008000c64                MDF1_FLT3_IRQHandler
                0x0000000008000c64                USART2_IRQHandler
                0x0000000008000c64                GPDMA1_Channel6_IRQHandler
                0x0000000008000c64                I2C2_ER_IRQHandler
                0x0000000008000c64                TIM8_BRK_IRQHandler
                0x0000000008000c64                FLASH_IRQHandler
                0x0000000008000c64                USART1_IRQHandler
                0x0000000008000c64                EXTI10_IRQHandler
                0x0000000008000c64                OTG_FS_IRQHandler
                0x0000000008000c64                SPI3_IRQHandler
                0x0000000008000c64                LPDMA1_Channel2_IRQHandler
                0x0000000008000c64                I2C1_ER_IRQHandler
                0x0000000008000c64                FMC_IRQHandler
                0x0000000008000c64                EXTI6_IRQHandler
                0x0000000008000c64                LPTIM1_IRQHandler
                0x0000000008000c64                DCMI_PSSI_IRQHandler
                0x0000000008000c64                I2C4_ER_IRQHandler
                0x0000000008000c64                GPDMA1_Channel10_IRQHandler
                0x0000000008000c64                ICACHE_IRQHandler
                0x0000000008000c64                SAI1_IRQHandler
                0x0000000008000c64                HASH_IRQHandler
 *fill*         0x0000000008000c66        0x2 
 .text.HAL_Init
                0x0000000008000c68       0x5c ./Drivers/STM32U5xx_HAL_Driver/Src/stm32u5xx_hal.o
                0x0000000008000c68                HAL_Init
 .text.HAL_IncTick
                0x0000000008000cc4       0x28 ./Drivers/STM32U5xx_HAL_Driver/Src/stm32u5xx_hal.o
                0x0000000008000cc4                HAL_IncTick
 .text.HAL_GetTick
                0x0000000008000cec       0x18 ./Drivers/STM32U5xx_HAL_Driver/Src/stm32u5xx_hal.o
                0x0000000008000cec                HAL_GetTick
 .text.HAL_Delay
                0x0000000008000d04       0x48 ./Drivers/STM32U5xx_HAL_Driver/Src/stm32u5xx_hal.o
                0x0000000008000d04                HAL_Delay
 .text.__NVIC_SetPriorityGrouping
                0x0000000008000d4c       0x48 ./Drivers/STM32U5xx_HAL_Driver/Src/stm32u5xx_hal_cortex.o
 .text.__NVIC_GetPriorityGrouping
                0x0000000008000d94       0x1c ./Drivers/STM32U5xx_HAL_Driver/Src/stm32u5xx_hal_cortex.o
 .text.__NVIC_EnableIRQ
                0x0000000008000db0       0x3c ./Drivers/STM32U5xx_HAL_Driver/Src/stm32u5xx_hal_cortex.o
 .text.__NVIC_SetPriority
                0x0000000008000dec       0x54 ./Drivers/STM32U5xx_HAL_Driver/Src/stm32u5xx_hal_cortex.o
 .text.NVIC_EncodePriority
                0x0000000008000e40       0x66 ./Drivers/STM32U5xx_HAL_Driver/Src/stm32u5xx_hal_cortex.o
 .text.HAL_NVIC_SetPriorityGrouping
                0x0000000008000ea6       0x16 ./Drivers/STM32U5xx_HAL_Driver/Src/stm32u5xx_hal_cortex.o
                0x0000000008000ea6                HAL_NVIC_SetPriorityGrouping
 .text.HAL_NVIC_SetPriority
                0x0000000008000ebc       0x34 ./Drivers/STM32U5xx_HAL_Driver/Src/stm32u5xx_hal_cortex.o
                0x0000000008000ebc                HAL_NVIC_SetPriority
 .text.HAL_NVIC_EnableIRQ
                0x0000000008000ef0       0x1c ./Drivers/STM32U5xx_HAL_Driver/Src/stm32u5xx_hal_cortex.o
                0x0000000008000ef0                HAL_NVIC_EnableIRQ
 .text.HAL_GPIO_Init
                0x0000000008000f0c      0x3b0 ./Drivers/STM32U5xx_HAL_Driver/Src/stm32u5xx_hal_gpio.o
                0x0000000008000f0c                HAL_GPIO_Init
 .text.HAL_GPIO_WritePin
                0x00000000080012bc       0x30 ./Drivers/STM32U5xx_HAL_Driver/Src/stm32u5xx_hal_gpio.o
                0x00000000080012bc                HAL_GPIO_WritePin
 .text.HAL_GPIO_TogglePin
                0x00000000080012ec       0x34 ./Drivers/STM32U5xx_HAL_Driver/Src/stm32u5xx_hal_gpio.o
                0x00000000080012ec                HAL_GPIO_TogglePin
 .text.HAL_ICACHE_ConfigAssociativityMode
                0x0000000008001320       0x40 ./Drivers/STM32U5xx_HAL_Driver/Src/stm32u5xx_hal_icache.o
                0x0000000008001320                HAL_ICACHE_ConfigAssociativityMode
 .text.HAL_ICACHE_Enable
                0x0000000008001360       0x20 ./Drivers/STM32U5xx_HAL_Driver/Src/stm32u5xx_hal_icache.o
                0x0000000008001360                HAL_ICACHE_Enable
 .text.HAL_PWREx_ControlVoltageScaling
                0x0000000008001380       0xe8 ./Drivers/STM32U5xx_HAL_Driver/Src/stm32u5xx_hal_pwr_ex.o
                0x0000000008001380                HAL_PWREx_ControlVoltageScaling
 .text.HAL_PWREx_GetVoltageRange
                0x0000000008001468       0x1c ./Drivers/STM32U5xx_HAL_Driver/Src/stm32u5xx_hal_pwr_ex.o
                0x0000000008001468                HAL_PWREx_GetVoltageRange
 .text.HAL_PWREx_ConfigSupply
                0x0000000008001484       0xa0 ./Drivers/STM32U5xx_HAL_Driver/Src/stm32u5xx_hal_pwr_ex.o
                0x0000000008001484                HAL_PWREx_ConfigSupply
 .text.HAL_PWREx_EnableVddIO2
                0x0000000008001524       0x20 ./Drivers/STM32U5xx_HAL_Driver/Src/stm32u5xx_hal_pwr_ex.o
                0x0000000008001524                HAL_PWREx_EnableVddIO2
 .text.HAL_PWREx_DisableUCPDDeadBattery
                0x0000000008001544       0x20 ./Drivers/STM32U5xx_HAL_Driver/Src/stm32u5xx_hal_pwr_ex.o
                0x0000000008001544                HAL_PWREx_DisableUCPDDeadBattery
 .text.HAL_RCC_OscConfig
                0x0000000008001564      0xdac ./Drivers/STM32U5xx_HAL_Driver/Src/stm32u5xx_hal_rcc.o
                0x0000000008001564                HAL_RCC_OscConfig
 .text.HAL_RCC_ClockConfig
                0x0000000008002310      0x3e4 ./Drivers/STM32U5xx_HAL_Driver/Src/stm32u5xx_hal_rcc.o
                0x0000000008002310                HAL_RCC_ClockConfig
 .text.HAL_RCC_GetSysClockFreq
                0x00000000080026f4      0x210 ./Drivers/STM32U5xx_HAL_Driver/Src/stm32u5xx_hal_rcc.o
                0x00000000080026f4                HAL_RCC_GetSysClockFreq
 .text.HAL_RCC_GetHCLKFreq
                0x0000000008002904       0x34 ./Drivers/STM32U5xx_HAL_Driver/Src/stm32u5xx_hal_rcc.o
                0x0000000008002904                HAL_RCC_GetHCLKFreq
 .text.HAL_RCC_GetPCLK1Freq
                0x0000000008002938       0x28 ./Drivers/STM32U5xx_HAL_Driver/Src/stm32u5xx_hal_rcc.o
                0x0000000008002938                HAL_RCC_GetPCLK1Freq
 .text.HAL_RCC_GetPCLK2Freq
                0x0000000008002960       0x28 ./Drivers/STM32U5xx_HAL_Driver/Src/stm32u5xx_hal_rcc.o
                0x0000000008002960                HAL_RCC_GetPCLK2Freq
 .text.HAL_RCC_GetPCLK3Freq
                0x0000000008002988       0x28 ./Drivers/STM32U5xx_HAL_Driver/Src/stm32u5xx_hal_rcc.o
                0x0000000008002988                HAL_RCC_GetPCLK3Freq
 .text.HAL_RCC_GetClockConfig
                0x00000000080029b0       0x70 ./Drivers/STM32U5xx_HAL_Driver/Src/stm32u5xx_hal_rcc.o
                0x00000000080029b0                HAL_RCC_GetClockConfig
 .text.RCC_SetFlashLatencyFromMSIRange
                0x0000000008002a20      0x10c ./Drivers/STM32U5xx_HAL_Driver/Src/stm32u5xx_hal_rcc.o
 .text.HAL_RCCEx_PeriphCLKConfig
                0x0000000008002b2c      0xb80 ./Drivers/STM32U5xx_HAL_Driver/Src/stm32u5xx_hal_rcc_ex.o
                0x0000000008002b2c                HAL_RCCEx_PeriphCLKConfig
 .text.HAL_RCCEx_GetPLL1ClockFreq
                0x00000000080036ac      0x2cc ./Drivers/STM32U5xx_HAL_Driver/Src/stm32u5xx_hal_rcc_ex.o
                0x00000000080036ac                HAL_RCCEx_GetPLL1ClockFreq
 .text.HAL_RCCEx_GetPLL2ClockFreq
                0x0000000008003978      0x2cc ./Drivers/STM32U5xx_HAL_Driver/Src/stm32u5xx_hal_rcc_ex.o
                0x0000000008003978                HAL_RCCEx_GetPLL2ClockFreq
 .text.HAL_RCCEx_GetPLL3ClockFreq
                0x0000000008003c44      0x2cc ./Drivers/STM32U5xx_HAL_Driver/Src/stm32u5xx_hal_rcc_ex.o
                0x0000000008003c44                HAL_RCCEx_GetPLL3ClockFreq
 .text.HAL_RCCEx_GetPeriphCLKFreq
                0x0000000008003f10     0x1250 ./Drivers/STM32U5xx_HAL_Driver/Src/stm32u5xx_hal_rcc_ex.o
                0x0000000008003f10                HAL_RCCEx_GetPeriphCLKFreq
 .text.RCCEx_PLL2_Config
                0x0000000008005160      0x130 ./Drivers/STM32U5xx_HAL_Driver/Src/stm32u5xx_hal_rcc_ex.o
 .text.RCCEx_PLL3_Config
                0x0000000008005290      0x130 ./Drivers/STM32U5xx_HAL_Driver/Src/stm32u5xx_hal_rcc_ex.o
 .text.HAL_TIM_Base_Init
                0x00000000080053c0       0xae ./Drivers/STM32U5xx_HAL_Driver/Src/stm32u5xx_hal_tim.o
                0x00000000080053c0                HAL_TIM_Base_Init
 .text.HAL_TIM_Base_MspInit
                0x000000000800546e       0x14 ./Drivers/STM32U5xx_HAL_Driver/Src/stm32u5xx_hal_tim.o
                0x000000000800546e                HAL_TIM_Base_MspInit
 *fill*         0x0000000008005482        0x2 
 .text.HAL_TIM_Base_Start_IT
                0x0000000008005484      0x140 ./Drivers/STM32U5xx_HAL_Driver/Src/stm32u5xx_hal_tim.o
                0x0000000008005484                HAL_TIM_Base_Start_IT
 .text.HAL_TIM_IRQHandler
                0x00000000080055c4      0x2fe ./Drivers/STM32U5xx_HAL_Driver/Src/stm32u5xx_hal_tim.o
                0x00000000080055c4                HAL_TIM_IRQHandler
 .text.HAL_TIM_OC_DelayElapsedCallback
                0x00000000080058c2       0x14 ./Drivers/STM32U5xx_HAL_Driver/Src/stm32u5xx_hal_tim.o
                0x00000000080058c2                HAL_TIM_OC_DelayElapsedCallback
 .text.HAL_TIM_IC_CaptureCallback
                0x00000000080058d6       0x14 ./Drivers/STM32U5xx_HAL_Driver/Src/stm32u5xx_hal_tim.o
                0x00000000080058d6                HAL_TIM_IC_CaptureCallback
 .text.HAL_TIM_PWM_PulseFinishedCallback
                0x00000000080058ea       0x14 ./Drivers/STM32U5xx_HAL_Driver/Src/stm32u5xx_hal_tim.o
                0x00000000080058ea                HAL_TIM_PWM_PulseFinishedCallback
 .text.HAL_TIM_TriggerCallback
                0x00000000080058fe       0x14 ./Drivers/STM32U5xx_HAL_Driver/Src/stm32u5xx_hal_tim.o
                0x00000000080058fe                HAL_TIM_TriggerCallback
 *fill*         0x0000000008005912        0x2 
 .text.TIM_Base_SetConfig
                0x0000000008005914      0x1f4 ./Drivers/STM32U5xx_HAL_Driver/Src/stm32u5xx_hal_tim.o
                0x0000000008005914                TIM_Base_SetConfig
 .text.HAL_TIMEx_CommutCallback
                0x0000000008005b08       0x14 ./Drivers/STM32U5xx_HAL_Driver/Src/stm32u5xx_hal_tim_ex.o
                0x0000000008005b08                HAL_TIMEx_CommutCallback
 .text.HAL_TIMEx_BreakCallback
                0x0000000008005b1c       0x14 ./Drivers/STM32U5xx_HAL_Driver/Src/stm32u5xx_hal_tim_ex.o
                0x0000000008005b1c                HAL_TIMEx_BreakCallback
 .text.HAL_TIMEx_Break2Callback
                0x0000000008005b30       0x14 ./Drivers/STM32U5xx_HAL_Driver/Src/stm32u5xx_hal_tim_ex.o
                0x0000000008005b30                HAL_TIMEx_Break2Callback
 .text.HAL_TIMEx_EncoderIndexCallback
                0x0000000008005b44       0x14 ./Drivers/STM32U5xx_HAL_Driver/Src/stm32u5xx_hal_tim_ex.o
                0x0000000008005b44                HAL_TIMEx_EncoderIndexCallback
 .text.HAL_TIMEx_DirectionChangeCallback
                0x0000000008005b58       0x14 ./Drivers/STM32U5xx_HAL_Driver/Src/stm32u5xx_hal_tim_ex.o
                0x0000000008005b58                HAL_TIMEx_DirectionChangeCallback
 .text.HAL_TIMEx_IndexErrorCallback
                0x0000000008005b6c       0x14 ./Drivers/STM32U5xx_HAL_Driver/Src/stm32u5xx_hal_tim_ex.o
                0x0000000008005b6c                HAL_TIMEx_IndexErrorCallback
 .text.HAL_TIMEx_TransitionErrorCallback
                0x0000000008005b80       0x14 ./Drivers/STM32U5xx_HAL_Driver/Src/stm32u5xx_hal_tim_ex.o
                0x0000000008005b80                HAL_TIMEx_TransitionErrorCallback
 .text.HAL_UART_Init
                0x0000000008005b94       0xa0 ./Drivers/STM32U5xx_HAL_Driver/Src/stm32u5xx_hal_uart.o
                0x0000000008005b94                HAL_UART_Init
 .text.HAL_UART_Transmit
                0x0000000008005c34      0x14a ./Drivers/STM32U5xx_HAL_Driver/Src/stm32u5xx_hal_uart.o
                0x0000000008005c34                HAL_UART_Transmit
 *fill*         0x0000000008005d7e        0x2 
 .text.UART_SetConfig
                0x0000000008005d80      0x344 ./Drivers/STM32U5xx_HAL_Driver/Src/stm32u5xx_hal_uart.o
                0x0000000008005d80                UART_SetConfig
 .text.UART_AdvFeatureConfig
                0x00000000080060c4      0x144 ./Drivers/STM32U5xx_HAL_Driver/Src/stm32u5xx_hal_uart.o
                0x00000000080060c4                UART_AdvFeatureConfig
 .text.UART_CheckIdleState
                0x0000000008006208       0x96 ./Drivers/STM32U5xx_HAL_Driver/Src/stm32u5xx_hal_uart.o
                0x0000000008006208                UART_CheckIdleState
 .text.UART_WaitOnFlagUntilTimeout
                0x000000000800629e      0x190 ./Drivers/STM32U5xx_HAL_Driver/Src/stm32u5xx_hal_uart.o
                0x000000000800629e                UART_WaitOnFlagUntilTimeout
 .text.HAL_UARTEx_DisableFifoMode
                0x000000000800642e       0x72 ./Drivers/STM32U5xx_HAL_Driver/Src/stm32u5xx_hal_uart_ex.o
                0x000000000800642e                HAL_UARTEx_DisableFifoMode
 .text.HAL_UARTEx_SetTxFifoThreshold
                0x00000000080064a0       0x7c ./Drivers/STM32U5xx_HAL_Driver/Src/stm32u5xx_hal_uart_ex.o
                0x00000000080064a0                HAL_UARTEx_SetTxFifoThreshold
 .text.HAL_UARTEx_SetRxFifoThreshold
                0x000000000800651c       0x7c ./Drivers/STM32U5xx_HAL_Driver/Src/stm32u5xx_hal_uart_ex.o
                0x000000000800651c                HAL_UARTEx_SetRxFifoThreshold
 .text.UARTEx_SetNbDataToProcess
                0x0000000008006598       0x9c ./Drivers/STM32U5xx_HAL_Driver/Src/stm32u5xx_hal_uart_ex.o
 .text.__libc_init_array
                0x0000000008006634       0x48 c:/st/stm32cubeide_1.11.0/stm32cubeide/plugins/com.st.stm32cube.ide.mcu.externaltools.gnu-tools-for-stm32.10.3-2021.10.win32_1.0.100.202210260954/tools/bin/../lib/gcc/arm-none-eabi/10.3.1/../../../../arm-none-eabi/lib/thumb/v8-m.main+fp/hard\libc_nano.a(lib_a-init.o)
                0x0000000008006634                __libc_init_array
 .text.memset   0x000000000800667c       0x10 c:/st/stm32cubeide_1.11.0/stm32cubeide/plugins/com.st.stm32cube.ide.mcu.externaltools.gnu-tools-for-stm32.10.3-2021.10.win32_1.0.100.202210260954/tools/bin/../lib/gcc/arm-none-eabi/10.3.1/../../../../arm-none-eabi/lib/thumb/v8-m.main+fp/hard\libc_nano.a(lib_a-memset.o)
                0x000000000800667c                memset
 *(.glue_7)
 .glue_7        0x000000000800668c        0x0 linker stubs
 *(.glue_7t)
 .glue_7t       0x000000000800668c        0x0 linker stubs
 *(.eh_frame)
 .eh_frame      0x000000000800668c        0x0 c:/st/stm32cubeide_1.11.0/stm32cubeide/plugins/com.st.stm32cube.ide.mcu.externaltools.gnu-tools-for-stm32.10.3-2021.10.win32_1.0.100.202210260954/tools/bin/../lib/gcc/arm-none-eabi/10.3.1/thumb/v8-m.main+fp/hard/crtbegin.o
 *(.init)
 .init          0x000000000800668c        0x4 c:/st/stm32cubeide_1.11.0/stm32cubeide/plugins/com.st.stm32cube.ide.mcu.externaltools.gnu-tools-for-stm32.10.3-2021.10.win32_1.0.100.202210260954/tools/bin/../lib/gcc/arm-none-eabi/10.3.1/thumb/v8-m.main+fp/hard/crti.o
                0x000000000800668c                _init
 .init          0x0000000008006690        0x8 c:/st/stm32cubeide_1.11.0/stm32cubeide/plugins/com.st.stm32cube.ide.mcu.externaltools.gnu-tools-for-stm32.10.3-2021.10.win32_1.0.100.202210260954/tools/bin/../lib/gcc/arm-none-eabi/10.3.1/thumb/v8-m.main+fp/hard/crtn.o
 *(.fini)
 .fini          0x0000000008006698        0x4 c:/st/stm32cubeide_1.11.0/stm32cubeide/plugins/com.st.stm32cube.ide.mcu.externaltools.gnu-tools-for-stm32.10.3-2021.10.win32_1.0.100.202210260954/tools/bin/../lib/gcc/arm-none-eabi/10.3.1/thumb/v8-m.main+fp/hard/crti.o
                0x0000000008006698                _fini
 .fini          0x000000000800669c        0x8 c:/st/stm32cubeide_1.11.0/stm32cubeide/plugins/com.st.stm32cube.ide.mcu.externaltools.gnu-tools-for-stm32.10.3-2021.10.win32_1.0.100.202210260954/tools/bin/../lib/gcc/arm-none-eabi/10.3.1/thumb/v8-m.main+fp/hard/crtn.o
                0x00000000080066a4                _etext = .

.vfp11_veneer   0x00000000080066a4        0x0
 .vfp11_veneer  0x00000000080066a4        0x0 linker stubs

.v4_bx          0x00000000080066a4        0x0
 .v4_bx         0x00000000080066a4        0x0 linker stubs

.iplt           0x00000000080066a4        0x0
 .iplt          0x00000000080066a4        0x0 c:/st/stm32cubeide_1.11.0/stm32cubeide/plugins/com.st.stm32cube.ide.mcu.externaltools.gnu-tools-for-stm32.10.3-2021.10.win32_1.0.100.202210260954/tools/bin/../lib/gcc/arm-none-eabi/10.3.1/thumb/v8-m.main+fp/hard/crtbegin.o

.rodata         0x00000000080066a4      0x100
 *(.rodata)
 *(.rodata*)
 .rodata.AHBPrescTable
                0x00000000080066a4       0x10 ./Core/Src/system_stm32u5xx.o
                0x00000000080066a4                AHBPrescTable
 .rodata.APBPrescTable
                0x00000000080066b4        0x8 ./Core/Src/system_stm32u5xx.o
                0x00000000080066b4                APBPrescTable
 .rodata.MSIRangeTable
                0x00000000080066bc       0x40 ./Core/Src/system_stm32u5xx.o
                0x00000000080066bc                MSIRangeTable
 .rodata.LPGPIO_Map
                0x00000000080066fc       0x80 ./Drivers/STM32U5xx_HAL_Driver/Src/stm32u5xx_hal_gpio.o
 .rodata.UARTPrescTable
                0x000000000800677c       0x18 ./Drivers/STM32U5xx_HAL_Driver/Src/stm32u5xx_hal_uart.o
                0x000000000800677c                UARTPrescTable
 .rodata.numerator.1
                0x0000000008006794        0x8 ./Drivers/STM32U5xx_HAL_Driver/Src/stm32u5xx_hal_uart_ex.o
 .rodata.denominator.0
                0x000000000800679c        0x8 ./Drivers/STM32U5xx_HAL_Driver/Src/stm32u5xx_hal_uart_ex.o

.ARM.extab
 *(.ARM.extab* .gnu.linkonce.armextab.*)

.ARM            0x00000000080067a4        0x8
                0x00000000080067a4                __exidx_start = .
 *(.ARM.exidx*)
 .ARM.exidx     0x00000000080067a4        0x8 c:/st/stm32cubeide_1.11.0/stm32cubeide/plugins/com.st.stm32cube.ide.mcu.externaltools.gnu-tools-for-stm32.10.3-2021.10.win32_1.0.100.202210260954/tools/bin/../lib/gcc/arm-none-eabi/10.3.1/thumb/v8-m.main+fp/hard\libgcc.a(_udivmoddi4.o)
                0x00000000080067ac                __exidx_end = .

.rel.dyn        0x00000000080067ac        0x0
 .rel.iplt      0x00000000080067ac        0x0 c:/st/stm32cubeide_1.11.0/stm32cubeide/plugins/com.st.stm32cube.ide.mcu.externaltools.gnu-tools-for-stm32.10.3-2021.10.win32_1.0.100.202210260954/tools/bin/../lib/gcc/arm-none-eabi/10.3.1/thumb/v8-m.main+fp/hard/crtbegin.o

.preinit_array  0x00000000080067ac        0x0
                0x00000000080067ac                PROVIDE (__preinit_array_start = .)
 *(.preinit_array*)
                0x00000000080067ac                PROVIDE (__preinit_array_end = .)

.init_array     0x00000000080067ac        0x4
                0x00000000080067ac                PROVIDE (__init_array_start = .)
 *(SORT_BY_NAME(.init_array.*))
 *(.init_array*)
 .init_array    0x00000000080067ac        0x4 c:/st/stm32cubeide_1.11.0/stm32cubeide/plugins/com.st.stm32cube.ide.mcu.externaltools.gnu-tools-for-stm32.10.3-2021.10.win32_1.0.100.202210260954/tools/bin/../lib/gcc/arm-none-eabi/10.3.1/thumb/v8-m.main+fp/hard/crtbegin.o
                0x00000000080067b0                PROVIDE (__init_array_end = .)

.fini_array     0x00000000080067b0        0x4
                [!provide]                        PROVIDE (__fini_array_start = .)
 *(SORT_BY_NAME(.fini_array.*))
 *(.fini_array*)
 .fini_array    0x00000000080067b0        0x4 c:/st/stm32cubeide_1.11.0/stm32cubeide/plugins/com.st.stm32cube.ide.mcu.externaltools.gnu-tools-for-stm32.10.3-2021.10.win32_1.0.100.202210260954/tools/bin/../lib/gcc/arm-none-eabi/10.3.1/thumb/v8-m.main+fp/hard/crtbegin.o
                [!provide]                        PROVIDE (__fini_array_end = .)
                0x00000000080067b4                _sidata = LOADADDR (.data)

.data           0x0000000020000000       0x19 load address 0x00000000080067b4
                0x0000000020000000                _sdata = .
 *(.data)
 *(.data*)
 .data.arr      0x0000000020000000        0xe ./Core/Src/main.o
                0x0000000020000000                arr
 *fill*         0x000000002000000e        0x2 
 .data.SystemCoreClock
                0x0000000020000010        0x4 ./Core/Src/system_stm32u5xx.o
                0x0000000020000010                SystemCoreClock
 .data.uwTickPrio
                0x0000000020000014        0x4 ./Drivers/STM32U5xx_HAL_Driver/Src/stm32u5xx_hal.o
                0x0000000020000014                uwTickPrio
 .data.uwTickFreq
                0x0000000020000018        0x1 ./Drivers/STM32U5xx_HAL_Driver/Src/stm32u5xx_hal.o
                0x0000000020000018                uwTickFreq
 *(.RamFunc)
 *(.RamFunc*)
                0x0000000020000019                _edata = .

.igot.plt       0x000000002000001c        0x0 load address 0x00000000080067cd
 .igot.plt      0x000000002000001c        0x0 c:/st/stm32cubeide_1.11.0/stm32cubeide/plugins/com.st.stm32cube.ide.mcu.externaltools.gnu-tools-for-stm32.10.3-2021.10.win32_1.0.100.202210260954/tools/bin/../lib/gcc/arm-none-eabi/10.3.1/thumb/v8-m.main+fp/hard/crtbegin.o

.bss            0x000000002000001c       0xfc load address 0x00000000080067cd
                0x000000002000001c                _sbss = .
                0x000000002000001c                __bss_start__ = _sbss
 *(.bss)
 .bss           0x000000002000001c       0x1c c:/st/stm32cubeide_1.11.0/stm32cubeide/plugins/com.st.stm32cube.ide.mcu.externaltools.gnu-tools-for-stm32.10.3-2021.10.win32_1.0.100.202210260954/tools/bin/../lib/gcc/arm-none-eabi/10.3.1/thumb/v8-m.main+fp/hard/crtbegin.o
 *(.bss*)
 .bss.huart1    0x0000000020000038       0x90 ./Core/Src/BSP_UART_Init.o
                0x0000000020000038                huart1
 .bss.htim17    0x00000000200000c8       0x4c ./Core/Src/stm32u5xx_hal_timebase_tim.o
                0x00000000200000c8                htim17
 .bss.uwTick    0x0000000020000114        0x4 ./Drivers/STM32U5xx_HAL_Driver/Src/stm32u5xx_hal.o
                0x0000000020000114                uwTick
 *(COMMON)
                0x0000000020000118                _ebss = .
                0x0000000020000118                __bss_end__ = _ebss

._user_heap_stack
                0x0000000020000118      0x600 load address 0x00000000080067cd
                0x0000000020000118                . = ALIGN (0x8)
                [!provide]                        PROVIDE (end = .)
                0x0000000020000118                PROVIDE (_end = .)
                0x0000000020000318                . = (. + _Min_Heap_Size)
 *fill*         0x0000000020000118      0x200 
                0x0000000020000718                . = (. + _Min_Stack_Size)
 *fill*         0x0000000020000318      0x400 
                0x0000000020000718                . = ALIGN (0x8)

/DISCARD/
 libc.a(*)
 libm.a(*)
 libgcc.a(*)

.ARM.attributes
                0x0000000000000000       0x36
 *(.ARM.attributes)
 .ARM.attributes
                0x0000000000000000       0x22 c:/st/stm32cubeide_1.11.0/stm32cubeide/plugins/com.st.stm32cube.ide.mcu.externaltools.gnu-tools-for-stm32.10.3-2021.10.win32_1.0.100.202210260954/tools/bin/../lib/gcc/arm-none-eabi/10.3.1/thumb/v8-m.main+fp/hard/crti.o
 .ARM.attributes
                0x0000000000000022       0x38 c:/st/stm32cubeide_1.11.0/stm32cubeide/plugins/com.st.stm32cube.ide.mcu.externaltools.gnu-tools-for-stm32.10.3-2021.10.win32_1.0.100.202210260954/tools/bin/../lib/gcc/arm-none-eabi/10.3.1/thumb/v8-m.main+fp/hard/crtbegin.o
 .ARM.attributes
                0x000000000000005a       0x3a ./Core/Src/BSP_ICACHE_Init.o
 .ARM.attributes
                0x0000000000000094       0x3a ./Core/Src/BSP_MX_GPIO_Init.o
 .ARM.attributes
                0x00000000000000ce       0x3a ./Core/Src/BSP_SystemClock_Config.o
 .ARM.attributes
                0x0000000000000108       0x3a ./Core/Src/BSP_SystemPower_Config.o
 .ARM.attributes
                0x0000000000000142       0x3a ./Core/Src/BSP_UART_Init.o
 .ARM.attributes
                0x000000000000017c       0x3a ./Core/Src/main.o
 .ARM.attributes
                0x00000000000001b6       0x3a ./Core/Src/stm32u5xx_hal_msp.o
 .ARM.attributes
                0x00000000000001f0       0x3a ./Core/Src/stm32u5xx_hal_timebase_tim.o
 .ARM.attributes
                0x000000000000022a       0x3a ./Core/Src/stm32u5xx_it.o
 .ARM.attributes
                0x0000000000000264       0x3a ./Core/Src/system_stm32u5xx.o
 .ARM.attributes
                0x000000000000029e       0x24 ./Core/Startup/startup_stm32u575zitxq.o
 .ARM.attributes
                0x00000000000002c2       0x3a ./Drivers/STM32U5xx_HAL_Driver/Src/stm32u5xx_hal.o
 .ARM.attributes
                0x00000000000002fc       0x3a ./Drivers/STM32U5xx_HAL_Driver/Src/stm32u5xx_hal_cortex.o
 .ARM.attributes
                0x0000000000000336       0x3a ./Drivers/STM32U5xx_HAL_Driver/Src/stm32u5xx_hal_gpio.o
 .ARM.attributes
                0x0000000000000370       0x3a ./Drivers/STM32U5xx_HAL_Driver/Src/stm32u5xx_hal_icache.o
 .ARM.attributes
                0x00000000000003aa       0x3a ./Drivers/STM32U5xx_HAL_Driver/Src/stm32u5xx_hal_pwr_ex.o
 .ARM.attributes
                0x00000000000003e4       0x3a ./Drivers/STM32U5xx_HAL_Driver/Src/stm32u5xx_hal_rcc.o
 .ARM.attributes
                0x000000000000041e       0x3a ./Drivers/STM32U5xx_HAL_Driver/Src/stm32u5xx_hal_rcc_ex.o
 .ARM.attributes
                0x0000000000000458       0x3a ./Drivers/STM32U5xx_HAL_Driver/Src/stm32u5xx_hal_tim.o
 .ARM.attributes
                0x0000000000000492       0x3a ./Drivers/STM32U5xx_HAL_Driver/Src/stm32u5xx_hal_tim_ex.o
 .ARM.attributes
                0x00000000000004cc       0x3a ./Drivers/STM32U5xx_HAL_Driver/Src/stm32u5xx_hal_uart.o
 .ARM.attributes
                0x0000000000000506       0x3a ./Drivers/STM32U5xx_HAL_Driver/Src/stm32u5xx_hal_uart_ex.o
 .ARM.attributes
                0x0000000000000540       0x38 c:/st/stm32cubeide_1.11.0/stm32cubeide/plugins/com.st.stm32cube.ide.mcu.externaltools.gnu-tools-for-stm32.10.3-2021.10.win32_1.0.100.202210260954/tools/bin/../lib/gcc/arm-none-eabi/10.3.1/../../../../arm-none-eabi/lib/thumb/v8-m.main+fp/hard\libc_nano.a(lib_a-init.o)
 .ARM.attributes
                0x0000000000000578       0x38 c:/st/stm32cubeide_1.11.0/stm32cubeide/plugins/com.st.stm32cube.ide.mcu.externaltools.gnu-tools-for-stm32.10.3-2021.10.win32_1.0.100.202210260954/tools/bin/../lib/gcc/arm-none-eabi/10.3.1/../../../../arm-none-eabi/lib/thumb/v8-m.main+fp/hard\libc_nano.a(lib_a-memset.o)
 .ARM.attributes
                0x00000000000005b0       0x22 c:/st/stm32cubeide_1.11.0/stm32cubeide/plugins/com.st.stm32cube.ide.mcu.externaltools.gnu-tools-for-stm32.10.3-2021.10.win32_1.0.100.202210260954/tools/bin/../lib/gcc/arm-none-eabi/10.3.1/thumb/v8-m.main+fp/hard\libgcc.a(_aeabi_uldivmod.o)
 .ARM.attributes
                0x00000000000005d2       0x38 c:/st/stm32cubeide_1.11.0/stm32cubeide/plugins/com.st.stm32cube.ide.mcu.externaltools.gnu-tools-for-stm32.10.3-2021.10.win32_1.0.100.202210260954/tools/bin/../lib/gcc/arm-none-eabi/10.3.1/thumb/v8-m.main+fp/hard\libgcc.a(_udivmoddi4.o)
 .ARM.attributes
                0x000000000000060a       0x22 c:/st/stm32cubeide_1.11.0/stm32cubeide/plugins/com.st.stm32cube.ide.mcu.externaltools.gnu-tools-for-stm32.10.3-2021.10.win32_1.0.100.202210260954/tools/bin/../lib/gcc/arm-none-eabi/10.3.1/thumb/v8-m.main+fp/hard\libgcc.a(_dvmd_tls.o)
 .ARM.attributes
                0x000000000000062c       0x22 c:/st/stm32cubeide_1.11.0/stm32cubeide/plugins/com.st.stm32cube.ide.mcu.externaltools.gnu-tools-for-stm32.10.3-2021.10.win32_1.0.100.202210260954/tools/bin/../lib/gcc/arm-none-eabi/10.3.1/thumb/v8-m.main+fp/hard/crtn.o
OUTPUT(blink_led.elf elf32-littlearm)
LOAD linker stubs
LOAD c:/st/stm32cubeide_1.11.0/stm32cubeide/plugins/com.st.stm32cube.ide.mcu.externaltools.gnu-tools-for-stm32.10.3-2021.10.win32_1.0.100.202210260954/tools/bin/../lib/gcc/arm-none-eabi/10.3.1/../../../../arm-none-eabi/lib/thumb/v8-m.main+fp/hard\libc.a
LOAD c:/st/stm32cubeide_1.11.0/stm32cubeide/plugins/com.st.stm32cube.ide.mcu.externaltools.gnu-tools-for-stm32.10.3-2021.10.win32_1.0.100.202210260954/tools/bin/../lib/gcc/arm-none-eabi/10.3.1/../../../../arm-none-eabi/lib/thumb/v8-m.main+fp/hard\libm.a
LOAD c:/st/stm32cubeide_1.11.0/stm32cubeide/plugins/com.st.stm32cube.ide.mcu.externaltools.gnu-tools-for-stm32.10.3-2021.10.win32_1.0.100.202210260954/tools/bin/../lib/gcc/arm-none-eabi/10.3.1/thumb/v8-m.main+fp/hard\libgcc.a

.debug_info     0x0000000000000000    0x1718a
 .debug_info    0x0000000000000000      0x113 ./Core/Src/BSP_ICACHE_Init.o
 .debug_info    0x0000000000000113      0x6bc ./Core/Src/BSP_MX_GPIO_Init.o
 .debug_info    0x00000000000007cf      0x347 ./Core/Src/BSP_SystemClock_Config.o
 .debug_info    0x0000000000000b16      0x11a ./Core/Src/BSP_SystemPower_Config.o
 .debug_info    0x0000000000000c30      0x985 ./Core/Src/BSP_UART_Init.o
 .debug_info    0x00000000000015b5      0xeec ./Core/Src/main.o
 .debug_info    0x00000000000024a1     0x11ff ./Core/Src/stm32u5xx_hal_msp.o
 .debug_info    0x00000000000036a0     0x11d5 ./Core/Src/stm32u5xx_hal_timebase_tim.o
 .debug_info    0x0000000000004875      0x9d3 ./Core/Src/stm32u5xx_it.o
 .debug_info    0x0000000000005248      0x8f2 ./Core/Src/system_stm32u5xx.o
 .debug_info    0x0000000000005b3a       0x22 ./Core/Startup/startup_stm32u575zitxq.o
 .debug_info    0x0000000000005b5c     0x11b5 ./Drivers/STM32U5xx_HAL_Driver/Src/stm32u5xx_hal.o
 .debug_info    0x0000000000006d11     0x15b9 ./Drivers/STM32U5xx_HAL_Driver/Src/stm32u5xx_hal_cortex.o
 .debug_info    0x00000000000082ca      0x880 ./Drivers/STM32U5xx_HAL_Driver/Src/stm32u5xx_hal_gpio.o
 .debug_info    0x0000000000008b4a      0x592 ./Drivers/STM32U5xx_HAL_Driver/Src/stm32u5xx_hal_icache.o
 .debug_info    0x00000000000090dc      0xe83 ./Drivers/STM32U5xx_HAL_Driver/Src/stm32u5xx_hal_pwr_ex.o
 .debug_info    0x0000000000009f5f     0x1392 ./Drivers/STM32U5xx_HAL_Driver/Src/stm32u5xx_hal_rcc.o
 .debug_info    0x000000000000b2f1     0x163d ./Drivers/STM32U5xx_HAL_Driver/Src/stm32u5xx_hal_rcc_ex.o
 .debug_info    0x000000000000c92e     0x309f ./Drivers/STM32U5xx_HAL_Driver/Src/stm32u5xx_hal_tim.o
 .debug_info    0x000000000000f9cd     0x2461 ./Drivers/STM32U5xx_HAL_Driver/Src/stm32u5xx_hal_tim_ex.o
 .debug_info    0x0000000000011e2e     0x4112 ./Drivers/STM32U5xx_HAL_Driver/Src/stm32u5xx_hal_uart.o
 .debug_info    0x0000000000015f40     0x124a ./Drivers/STM32U5xx_HAL_Driver/Src/stm32u5xx_hal_uart_ex.o

.debug_abbrev   0x0000000000000000     0x2b0b
 .debug_abbrev  0x0000000000000000       0xb8 ./Core/Src/BSP_ICACHE_Init.o
 .debug_abbrev  0x00000000000000b8      0x16d ./Core/Src/BSP_MX_GPIO_Init.o
 .debug_abbrev  0x0000000000000225       0xf5 ./Core/Src/BSP_SystemClock_Config.o
 .debug_abbrev  0x000000000000031a       0xb6 ./Core/Src/BSP_SystemPower_Config.o
 .debug_abbrev  0x00000000000003d0      0x16f ./Core/Src/BSP_UART_Init.o
 .debug_abbrev  0x000000000000053f      0x261 ./Core/Src/main.o
 .debug_abbrev  0x00000000000007a0      0x1fa ./Core/Src/stm32u5xx_hal_msp.o
 .debug_abbrev  0x000000000000099a      0x22c ./Core/Src/stm32u5xx_hal_timebase_tim.o
 .debug_abbrev  0x0000000000000bc6      0x1a2 ./Core/Src/stm32u5xx_it.o
 .debug_abbrev  0x0000000000000d68      0x127 ./Core/Src/system_stm32u5xx.o
 .debug_abbrev  0x0000000000000e8f       0x12 ./Core/Startup/startup_stm32u575zitxq.o
 .debug_abbrev  0x0000000000000ea1      0x285 ./Drivers/STM32U5xx_HAL_Driver/Src/stm32u5xx_hal.o
 .debug_abbrev  0x0000000000001126      0x303 ./Drivers/STM32U5xx_HAL_Driver/Src/stm32u5xx_hal_cortex.o
 .debug_abbrev  0x0000000000001429      0x246 ./Drivers/STM32U5xx_HAL_Driver/Src/stm32u5xx_hal_gpio.o
 .debug_abbrev  0x000000000000166f      0x22f ./Drivers/STM32U5xx_HAL_Driver/Src/stm32u5xx_hal_icache.o
 .debug_abbrev  0x000000000000189e      0x20d ./Drivers/STM32U5xx_HAL_Driver/Src/stm32u5xx_hal_pwr_ex.o
 .debug_abbrev  0x0000000000001aab      0x2b9 ./Drivers/STM32U5xx_HAL_Driver/Src/stm32u5xx_hal_rcc.o
 .debug_abbrev  0x0000000000001d64      0x299 ./Drivers/STM32U5xx_HAL_Driver/Src/stm32u5xx_hal_rcc_ex.o
 .debug_abbrev  0x0000000000001ffd      0x2a6 ./Drivers/STM32U5xx_HAL_Driver/Src/stm32u5xx_hal_tim.o
 .debug_abbrev  0x00000000000022a3      0x2bb ./Drivers/STM32U5xx_HAL_Driver/Src/stm32u5xx_hal_tim_ex.o
 .debug_abbrev  0x000000000000255e      0x2f0 ./Drivers/STM32U5xx_HAL_Driver/Src/stm32u5xx_hal_uart.o
 .debug_abbrev  0x000000000000284e      0x2bd ./Drivers/STM32U5xx_HAL_Driver/Src/stm32u5xx_hal_uart_ex.o

.debug_aranges  0x0000000000000000     0x1260
 .debug_aranges
                0x0000000000000000       0x20 ./Core/Src/BSP_ICACHE_Init.o
 .debug_aranges
                0x0000000000000020       0x20 ./Core/Src/BSP_MX_GPIO_Init.o
 .debug_aranges
                0x0000000000000040       0x20 ./Core/Src/BSP_SystemClock_Config.o
 .debug_aranges
                0x0000000000000060       0x20 ./Core/Src/BSP_SystemPower_Config.o
 .debug_aranges
                0x0000000000000080       0x20 ./Core/Src/BSP_UART_Init.o
 .debug_aranges
                0x00000000000000a0       0x30 ./Core/Src/main.o
 .debug_aranges
                0x00000000000000d0       0x30 ./Core/Src/stm32u5xx_hal_msp.o
 .debug_aranges
                0x0000000000000100       0x30 ./Core/Src/stm32u5xx_hal_timebase_tim.o
 .debug_aranges
                0x0000000000000130       0x68 ./Core/Src/stm32u5xx_it.o
 .debug_aranges
                0x0000000000000198       0x28 ./Core/Src/system_stm32u5xx.o
 .debug_aranges
                0x00000000000001c0       0x28 ./Core/Startup/startup_stm32u575zitxq.o
 .debug_aranges
                0x00000000000001e8      0x120 ./Drivers/STM32U5xx_HAL_Driver/Src/stm32u5xx_hal.o
 .debug_aranges
                0x0000000000000308      0x130 ./Drivers/STM32U5xx_HAL_Driver/Src/stm32u5xx_hal_cortex.o
 .debug_aranges
                0x0000000000000438       0x70 ./Drivers/STM32U5xx_HAL_Driver/Src/stm32u5xx_hal_gpio.o
 .debug_aranges
                0x00000000000004a8       0xa8 ./Drivers/STM32U5xx_HAL_Driver/Src/stm32u5xx_hal_icache.o
 .debug_aranges
                0x0000000000000550      0x200 ./Drivers/STM32U5xx_HAL_Driver/Src/stm32u5xx_hal_pwr_ex.o
 .debug_aranges
                0x0000000000000750       0xa8 ./Drivers/STM32U5xx_HAL_Driver/Src/stm32u5xx_hal_rcc.o
 .debug_aranges
                0x00000000000007f8      0x138 ./Drivers/STM32U5xx_HAL_Driver/Src/stm32u5xx_hal_rcc_ex.o
 .debug_aranges
                0x0000000000000930      0x3e8 ./Drivers/STM32U5xx_HAL_Driver/Src/stm32u5xx_hal_tim.o
 .debug_aranges
                0x0000000000000d18      0x250 ./Drivers/STM32U5xx_HAL_Driver/Src/stm32u5xx_hal_tim_ex.o
 .debug_aranges
                0x0000000000000f68      0x248 ./Drivers/STM32U5xx_HAL_Driver/Src/stm32u5xx_hal_uart.o
 .debug_aranges
                0x00000000000011b0       0xb0 ./Drivers/STM32U5xx_HAL_Driver/Src/stm32u5xx_hal_uart_ex.o

.debug_ranges   0x0000000000000000     0x1138
 .debug_ranges  0x0000000000000000       0x10 ./Core/Src/BSP_ICACHE_Init.o
 .debug_ranges  0x0000000000000010       0x10 ./Core/Src/BSP_MX_GPIO_Init.o
 .debug_ranges  0x0000000000000020       0x10 ./Core/Src/BSP_SystemClock_Config.o
 .debug_ranges  0x0000000000000030       0x10 ./Core/Src/BSP_SystemPower_Config.o
 .debug_ranges  0x0000000000000040       0x10 ./Core/Src/BSP_UART_Init.o
 .debug_ranges  0x0000000000000050       0x20 ./Core/Src/main.o
 .debug_ranges  0x0000000000000070       0x20 ./Core/Src/stm32u5xx_hal_msp.o
 .debug_ranges  0x0000000000000090       0x20 ./Core/Src/stm32u5xx_hal_timebase_tim.o
 .debug_ranges  0x00000000000000b0       0x58 ./Core/Src/stm32u5xx_it.o
 .debug_ranges  0x0000000000000108       0x18 ./Core/Src/system_stm32u5xx.o
 .debug_ranges  0x0000000000000120       0x20 ./Core/Startup/startup_stm32u575zitxq.o
 .debug_ranges  0x0000000000000140      0x110 ./Drivers/STM32U5xx_HAL_Driver/Src/stm32u5xx_hal.o
 .debug_ranges  0x0000000000000250      0x120 ./Drivers/STM32U5xx_HAL_Driver/Src/stm32u5xx_hal_cortex.o
 .debug_ranges  0x0000000000000370       0x60 ./Drivers/STM32U5xx_HAL_Driver/Src/stm32u5xx_hal_gpio.o
 .debug_ranges  0x00000000000003d0       0x98 ./Drivers/STM32U5xx_HAL_Driver/Src/stm32u5xx_hal_icache.o
 .debug_ranges  0x0000000000000468      0x1f0 ./Drivers/STM32U5xx_HAL_Driver/Src/stm32u5xx_hal_pwr_ex.o
 .debug_ranges  0x0000000000000658       0x98 ./Drivers/STM32U5xx_HAL_Driver/Src/stm32u5xx_hal_rcc.o
 .debug_ranges  0x00000000000006f0      0x128 ./Drivers/STM32U5xx_HAL_Driver/Src/stm32u5xx_hal_rcc_ex.o
 .debug_ranges  0x0000000000000818      0x3d8 ./Drivers/STM32U5xx_HAL_Driver/Src/stm32u5xx_hal_tim.o
 .debug_ranges  0x0000000000000bf0      0x240 ./Drivers/STM32U5xx_HAL_Driver/Src/stm32u5xx_hal_tim_ex.o
 .debug_ranges  0x0000000000000e30      0x268 ./Drivers/STM32U5xx_HAL_Driver/Src/stm32u5xx_hal_uart.o
 .debug_ranges  0x0000000000001098       0xa0 ./Drivers/STM32U5xx_HAL_Driver/Src/stm32u5xx_hal_uart_ex.o

.debug_macro    0x0000000000000000    0x3294e
 .debug_macro   0x0000000000000000      0x286 ./Core/Src/BSP_ICACHE_Init.o
 .debug_macro   0x0000000000000286      0xa7e ./Core/Src/BSP_ICACHE_Init.o
 .debug_macro   0x0000000000000d04      0x1e6 ./Core/Src/BSP_ICACHE_Init.o
 .debug_macro   0x0000000000000eea       0x2e ./Core/Src/BSP_ICACHE_Init.o
 .debug_macro   0x0000000000000f18       0x42 ./Core/Src/BSP_ICACHE_Init.o
 .debug_macro   0x0000000000000f5a       0x22 ./Core/Src/BSP_ICACHE_Init.o
 .debug_macro   0x0000000000000f7c       0x8e ./Core/Src/BSP_ICACHE_Init.o
 .debug_macro   0x000000000000100a       0x51 ./Core/Src/BSP_ICACHE_Init.o
 .debug_macro   0x000000000000105b      0x103 ./Core/Src/BSP_ICACHE_Init.o
 .debug_macro   0x000000000000115e       0x6a ./Core/Src/BSP_ICACHE_Init.o
 .debug_macro   0x00000000000011c8      0x1df ./Core/Src/BSP_ICACHE_Init.o
 .debug_macro   0x00000000000013a7       0x1c ./Core/Src/BSP_ICACHE_Init.o
 .debug_macro   0x00000000000013c3       0x29 ./Core/Src/BSP_ICACHE_Init.o
 .debug_macro   0x00000000000013ec       0xfb ./Core/Src/BSP_ICACHE_Init.o
 .debug_macro   0x00000000000014e7     0x1336 ./Core/Src/BSP_ICACHE_Init.o
 .debug_macro   0x000000000000281d       0x5e ./Core/Src/BSP_ICACHE_Init.o
 .debug_macro   0x000000000000287b    0x226bd ./Core/Src/BSP_ICACHE_Init.o
 .debug_macro   0x0000000000024f38       0x6d ./Core/Src/BSP_ICACHE_Init.o
 .debug_macro   0x0000000000024fa5     0x3794 ./Core/Src/BSP_ICACHE_Init.o
 .debug_macro   0x0000000000028739      0x174 ./Core/Src/BSP_ICACHE_Init.o
 .debug_macro   0x00000000000288ad       0x52 ./Core/Src/BSP_ICACHE_Init.o
 .debug_macro   0x00000000000288ff       0x1e ./Core/Src/BSP_ICACHE_Init.o
 .debug_macro   0x000000000002891d       0x3c ./Core/Src/BSP_ICACHE_Init.o
 .debug_macro   0x0000000000028959       0x34 ./Core/Src/BSP_ICACHE_Init.o
 .debug_macro   0x000000000002898d       0x16 ./Core/Src/BSP_ICACHE_Init.o
 .debug_macro   0x00000000000289a3       0x43 ./Core/Src/BSP_ICACHE_Init.o
 .debug_macro   0x00000000000289e6       0x34 ./Core/Src/BSP_ICACHE_Init.o
 .debug_macro   0x0000000000028a1a       0x10 ./Core/Src/BSP_ICACHE_Init.o
 .debug_macro   0x0000000000028a2a       0x58 ./Core/Src/BSP_ICACHE_Init.o
 .debug_macro   0x0000000000028a82       0x71 ./Core/Src/BSP_ICACHE_Init.o
 .debug_macro   0x0000000000028af3       0x1c ./Core/Src/BSP_ICACHE_Init.o
 .debug_macro   0x0000000000028b0f      0x12a ./Core/Src/BSP_ICACHE_Init.o
 .debug_macro   0x0000000000028c39      0x341 ./Core/Src/BSP_ICACHE_Init.o
 .debug_macro   0x0000000000028f7a      0x19b ./Core/Src/BSP_ICACHE_Init.o
 .debug_macro   0x0000000000029115       0x5d ./Core/Src/BSP_ICACHE_Init.o
 .debug_macro   0x0000000000029172     0x1bb7 ./Core/Src/BSP_ICACHE_Init.o
 .debug_macro   0x000000000002ad29      0x7ff ./Core/Src/BSP_ICACHE_Init.o
 .debug_macro   0x000000000002b528      0x158 ./Core/Src/BSP_ICACHE_Init.o
 .debug_macro   0x000000000002b680      0x2aa ./Core/Src/BSP_ICACHE_Init.o
 .debug_macro   0x000000000002b92a       0xc8 ./Core/Src/BSP_ICACHE_Init.o
 .debug_macro   0x000000000002b9f2      0x5a5 ./Core/Src/BSP_ICACHE_Init.o
 .debug_macro   0x000000000002bf97      0x432 ./Core/Src/BSP_ICACHE_Init.o
 .debug_macro   0x000000000002c3c9       0xd6 ./Core/Src/BSP_ICACHE_Init.o
 .debug_macro   0x000000000002c49f      0x1cd ./Core/Src/BSP_ICACHE_Init.o
 .debug_macro   0x000000000002c66c      0x432 ./Core/Src/BSP_ICACHE_Init.o
 .debug_macro   0x000000000002ca9e       0x95 ./Core/Src/BSP_ICACHE_Init.o
 .debug_macro   0x000000000002cb33      0x11c ./Core/Src/BSP_ICACHE_Init.o
 .debug_macro   0x000000000002cc4f      0x517 ./Core/Src/BSP_ICACHE_Init.o
 .debug_macro   0x000000000002d166      0x4d4 ./Core/Src/BSP_ICACHE_Init.o
 .debug_macro   0x000000000002d63a      0xbc5 ./Core/Src/BSP_ICACHE_Init.o
 .debug_macro   0x000000000002e1ff      0x4ea ./Core/Src/BSP_ICACHE_Init.o
 .debug_macro   0x000000000002e6e9      0x662 ./Core/Src/BSP_ICACHE_Init.o
 .debug_macro   0x000000000002ed4b      0x1a1 ./Core/Src/BSP_ICACHE_Init.o
 .debug_macro   0x000000000002eeec      0x1b7 ./Core/Src/BSP_ICACHE_Init.o
 .debug_macro   0x000000000002f0a3      0x361 ./Core/Src/BSP_ICACHE_Init.o
 .debug_macro   0x000000000002f404       0x58 ./Core/Src/BSP_ICACHE_Init.o
 .debug_macro   0x000000000002f45c      0x286 ./Core/Src/BSP_MX_GPIO_Init.o
 .debug_macro   0x000000000002f6e2      0x286 ./Core/Src/BSP_SystemClock_Config.o
 .debug_macro   0x000000000002f968      0x286 ./Core/Src/BSP_SystemPower_Config.o
 .debug_macro   0x000000000002fbee      0x286 ./Core/Src/BSP_UART_Init.o
 .debug_macro   0x000000000002fe74      0x286 ./Core/Src/main.o
 .debug_macro   0x00000000000300fa      0x286 ./Core/Src/stm32u5xx_hal_msp.o
 .debug_macro   0x0000000000030380      0x277 ./Core/Src/stm32u5xx_hal_timebase_tim.o
 .debug_macro   0x00000000000305f7      0x290 ./Core/Src/stm32u5xx_it.o
 .debug_macro   0x0000000000030887      0x27e ./Core/Src/system_stm32u5xx.o
 .debug_macro   0x0000000000030b05      0x29b ./Drivers/STM32U5xx_HAL_Driver/Src/stm32u5xx_hal.o
 .debug_macro   0x0000000000030da0      0x277 ./Drivers/STM32U5xx_HAL_Driver/Src/stm32u5xx_hal_cortex.o
 .debug_macro   0x0000000000031017      0x2a9 ./Drivers/STM32U5xx_HAL_Driver/Src/stm32u5xx_hal_gpio.o
 .debug_macro   0x00000000000312c0      0x2a7 ./Drivers/STM32U5xx_HAL_Driver/Src/stm32u5xx_hal_icache.o
 .debug_macro   0x0000000000031567      0x2a2 ./Drivers/STM32U5xx_HAL_Driver/Src/stm32u5xx_hal_pwr_ex.o
 .debug_macro   0x0000000000031809      0x377 ./Drivers/STM32U5xx_HAL_Driver/Src/stm32u5xx_hal_rcc.o
 .debug_macro   0x0000000000031b80      0x3ad ./Drivers/STM32U5xx_HAL_Driver/Src/stm32u5xx_hal_rcc_ex.o
 .debug_macro   0x0000000000031f2d      0x27f ./Drivers/STM32U5xx_HAL_Driver/Src/stm32u5xx_hal_tim.o
 .debug_macro   0x00000000000321ac      0x27d ./Drivers/STM32U5xx_HAL_Driver/Src/stm32u5xx_hal_tim_ex.o
 .debug_macro   0x0000000000032429      0x2a2 ./Drivers/STM32U5xx_HAL_Driver/Src/stm32u5xx_hal_uart.o
 .debug_macro   0x00000000000326cb      0x283 ./Drivers/STM32U5xx_HAL_Driver/Src/stm32u5xx_hal_uart_ex.o

.debug_line     0x0000000000000000    0x180d2
 .debug_line    0x0000000000000000      0x81d ./Core/Src/BSP_ICACHE_Init.o
 .debug_line    0x000000000000081d      0x87c ./Core/Src/BSP_MX_GPIO_Init.o
 .debug_line    0x0000000000001099      0x84c ./Core/Src/BSP_SystemClock_Config.o
 .debug_line    0x00000000000018e5      0x81b ./Core/Src/BSP_SystemPower_Config.o
 .debug_line    0x0000000000002100      0x84a ./Core/Src/BSP_UART_Init.o
 .debug_line    0x000000000000294a      0x864 ./Core/Src/main.o
 .debug_line    0x00000000000031ae      0x86e ./Core/Src/stm32u5xx_hal_msp.o
 .debug_line    0x0000000000003a1c      0x878 ./Core/Src/stm32u5xx_hal_timebase_tim.o
 .debug_line    0x0000000000004294      0x8e5 ./Core/Src/stm32u5xx_it.o
 .debug_line    0x0000000000004b79      0x908 ./Core/Src/system_stm32u5xx.o
 .debug_line    0x0000000000005481       0x86 ./Core/Startup/startup_stm32u575zitxq.o
 .debug_line    0x0000000000005507      0xbd2 ./Drivers/STM32U5xx_HAL_Driver/Src/stm32u5xx_hal.o
 .debug_line    0x00000000000060d9      0xe17 ./Drivers/STM32U5xx_HAL_Driver/Src/stm32u5xx_hal_cortex.o
 .debug_line    0x0000000000006ef0      0xd5c ./Drivers/STM32U5xx_HAL_Driver/Src/stm32u5xx_hal_gpio.o
 .debug_line    0x0000000000007c4c      0xafa ./Drivers/STM32U5xx_HAL_Driver/Src/stm32u5xx_hal_icache.o
 .debug_line    0x0000000000008746     0x1195 ./Drivers/STM32U5xx_HAL_Driver/Src/stm32u5xx_hal_pwr_ex.o
 .debug_line    0x00000000000098db     0x15aa ./Drivers/STM32U5xx_HAL_Driver/Src/stm32u5xx_hal_rcc.o
 .debug_line    0x000000000000ae85     0x21ba ./Drivers/STM32U5xx_HAL_Driver/Src/stm32u5xx_hal_rcc_ex.o
 .debug_line    0x000000000000d03f     0x44bb ./Drivers/STM32U5xx_HAL_Driver/Src/stm32u5xx_hal_tim.o
 .debug_line    0x00000000000114fa     0x2356 ./Drivers/STM32U5xx_HAL_Driver/Src/stm32u5xx_hal_tim_ex.o
 .debug_line    0x0000000000013850     0x38b9 ./Drivers/STM32U5xx_HAL_Driver/Src/stm32u5xx_hal_uart.o
 .debug_line    0x0000000000017109      0xfc9 ./Drivers/STM32U5xx_HAL_Driver/Src/stm32u5xx_hal_uart_ex.o

.debug_str      0x0000000000000000   0x14033f
 .debug_str     0x0000000000000000   0x136cc9 ./Core/Src/BSP_ICACHE_Init.o
                                     0x1377ad (size before relaxing)
 .debug_str     0x0000000000136cc9      0x321 ./Core/Src/BSP_MX_GPIO_Init.o
                                     0x137a50 (size before relaxing)
 .debug_str     0x0000000000136fea      0x1e8 ./Core/Src/BSP_SystemClock_Config.o
                                     0x137965 (size before relaxing)
 .debug_str     0x00000000001371d2       0x70 ./Core/Src/BSP_SystemPower_Config.o
                                     0x1377d2 (size before relaxing)
 .debug_str     0x0000000000137242      0x602 ./Core/Src/BSP_UART_Init.o
                                     0x137df9 (size before relaxing)
 .debug_str     0x0000000000137844      0x32e ./Core/Src/main.o
                                     0x1381bb (size before relaxing)
 .debug_str     0x0000000000137b72      0x3ca ./Core/Src/stm32u5xx_hal_msp.o
                                     0x1383e2 (size before relaxing)
 .debug_str     0x0000000000137f3c      0x7ea ./Core/Src/stm32u5xx_hal_timebase_tim.o
                                     0x138742 (size before relaxing)
 .debug_str     0x0000000000138726       0xe1 ./Core/Src/stm32u5xx_it.o
                                     0x137ec3 (size before relaxing)
 .debug_str     0x0000000000138807      0x1b8 ./Core/Src/system_stm32u5xx.o
                                     0x13799c (size before relaxing)
 .debug_str     0x00000000001389bf       0x37 ./Core/Startup/startup_stm32u575zitxq.o
                                         0x5f (size before relaxing)
 .debug_str     0x00000000001389f6      0x6c6 ./Drivers/STM32U5xx_HAL_Driver/Src/stm32u5xx_hal.o
                                     0x138749 (size before relaxing)
 .debug_str     0x00000000001390bc      0x3aa ./Drivers/STM32U5xx_HAL_Driver/Src/stm32u5xx_hal_cortex.o
                                     0x138570 (size before relaxing)
 .debug_str     0x0000000000139466      0x2a9 ./Drivers/STM32U5xx_HAL_Driver/Src/stm32u5xx_hal_gpio.o
                                     0x1379a3 (size before relaxing)
 .debug_str     0x000000000013970f      0x685 ./Drivers/STM32U5xx_HAL_Driver/Src/stm32u5xx_hal_icache.o
                                     0x137cf0 (size before relaxing)
 .debug_str     0x0000000000139d94      0x807 ./Drivers/STM32U5xx_HAL_Driver/Src/stm32u5xx_hal_pwr_ex.o
                                     0x1380d2 (size before relaxing)
 .debug_str     0x000000000013a59b     0x129c ./Drivers/STM32U5xx_HAL_Driver/Src/stm32u5xx_hal_rcc.o
                                     0x139073 (size before relaxing)
 .debug_str     0x000000000013b837     0x252c ./Drivers/STM32U5xx_HAL_Driver/Src/stm32u5xx_hal_rcc_ex.o
                                     0x13a31a (size before relaxing)
 .debug_str     0x000000000013dd63      0xfbd ./Drivers/STM32U5xx_HAL_Driver/Src/stm32u5xx_hal_tim.o
                                     0x138de0 (size before relaxing)
 .debug_str     0x000000000013ed20      0x9cb ./Drivers/STM32U5xx_HAL_Driver/Src/stm32u5xx_hal_tim_ex.o
                                     0x138c68 (size before relaxing)
 .debug_str     0x000000000013f6eb      0x948 ./Drivers/STM32U5xx_HAL_Driver/Src/stm32u5xx_hal_uart.o
                                     0x13864c (size before relaxing)
 .debug_str     0x0000000000140033      0x30c ./Drivers/STM32U5xx_HAL_Driver/Src/stm32u5xx_hal_uart_ex.o
                                     0x1380e4 (size before relaxing)

.comment        0x0000000000000000       0x50
 .comment       0x0000000000000000       0x50 ./Core/Src/BSP_ICACHE_Init.o
                                         0x51 (size before relaxing)
 .comment       0x0000000000000050       0x51 ./Core/Src/BSP_MX_GPIO_Init.o
 .comment       0x0000000000000050       0x51 ./Core/Src/BSP_SystemClock_Config.o
 .comment       0x0000000000000050       0x51 ./Core/Src/BSP_SystemPower_Config.o
 .comment       0x0000000000000050       0x51 ./Core/Src/BSP_UART_Init.o
 .comment       0x0000000000000050       0x51 ./Core/Src/main.o
 .comment       0x0000000000000050       0x51 ./Core/Src/stm32u5xx_hal_msp.o
 .comment       0x0000000000000050       0x51 ./Core/Src/stm32u5xx_hal_timebase_tim.o
 .comment       0x0000000000000050       0x51 ./Core/Src/stm32u5xx_it.o
 .comment       0x0000000000000050       0x51 ./Core/Src/system_stm32u5xx.o
 .comment       0x0000000000000050       0x51 ./Drivers/STM32U5xx_HAL_Driver/Src/stm32u5xx_hal.o
 .comment       0x0000000000000050       0x51 ./Drivers/STM32U5xx_HAL_Driver/Src/stm32u5xx_hal_cortex.o
 .comment       0x0000000000000050       0x51 ./Drivers/STM32U5xx_HAL_Driver/Src/stm32u5xx_hal_gpio.o
 .comment       0x0000000000000050       0x51 ./Drivers/STM32U5xx_HAL_Driver/Src/stm32u5xx_hal_icache.o
 .comment       0x0000000000000050       0x51 ./Drivers/STM32U5xx_HAL_Driver/Src/stm32u5xx_hal_pwr_ex.o
 .comment       0x0000000000000050       0x51 ./Drivers/STM32U5xx_HAL_Driver/Src/stm32u5xx_hal_rcc.o
 .comment       0x0000000000000050       0x51 ./Drivers/STM32U5xx_HAL_Driver/Src/stm32u5xx_hal_rcc_ex.o
 .comment       0x0000000000000050       0x51 ./Drivers/STM32U5xx_HAL_Driver/Src/stm32u5xx_hal_tim.o
 .comment       0x0000000000000050       0x51 ./Drivers/STM32U5xx_HAL_Driver/Src/stm32u5xx_hal_tim_ex.o
 .comment       0x0000000000000050       0x51 ./Drivers/STM32U5xx_HAL_Driver/Src/stm32u5xx_hal_uart.o
 .comment       0x0000000000000050       0x51 ./Drivers/STM32U5xx_HAL_Driver/Src/stm32u5xx_hal_uart_ex.o

.debug_frame    0x0000000000000000     0x4cd8
 .debug_frame   0x0000000000000000       0x2c ./Core/Src/BSP_ICACHE_Init.o
 .debug_frame   0x000000000000002c       0x34 ./Core/Src/BSP_MX_GPIO_Init.o
 .debug_frame   0x0000000000000060       0x38 ./Core/Src/BSP_SystemClock_Config.o
 .debug_frame   0x0000000000000098       0x2c ./Core/Src/BSP_SystemPower_Config.o
 .debug_frame   0x00000000000000c4       0x2c ./Core/Src/BSP_UART_Init.o
 .debug_frame   0x00000000000000f0       0x68 ./Core/Src/main.o
 .debug_frame   0x0000000000000158       0x80 ./Core/Src/stm32u5xx_hal_msp.o
 .debug_frame   0x00000000000001d8       0x74 ./Core/Src/stm32u5xx_hal_timebase_tim.o
 .debug_frame   0x000000000000024c      0x124 ./Core/Src/stm32u5xx_it.o
 .debug_frame   0x0000000000000370       0x58 ./Core/Src/system_stm32u5xx.o
 .debug_frame   0x00000000000003c8      0x460 ./Drivers/STM32U5xx_HAL_Driver/Src/stm32u5xx_hal.o
 .debug_frame   0x0000000000000828      0x508 ./Drivers/STM32U5xx_HAL_Driver/Src/stm32u5xx_hal_cortex.o
 .debug_frame   0x0000000000000d30      0x1c4 ./Drivers/STM32U5xx_HAL_Driver/Src/stm32u5xx_hal_gpio.o
 .debug_frame   0x0000000000000ef4      0x29c ./Drivers/STM32U5xx_HAL_Driver/Src/stm32u5xx_hal_icache.o
 .debug_frame   0x0000000000001190      0x84c ./Drivers/STM32U5xx_HAL_Driver/Src/stm32u5xx_hal_pwr_ex.o
 .debug_frame   0x00000000000019dc      0x28c ./Drivers/STM32U5xx_HAL_Driver/Src/stm32u5xx_hal_rcc.o
 .debug_frame   0x0000000000001c68      0x53c ./Drivers/STM32U5xx_HAL_Driver/Src/stm32u5xx_hal_rcc_ex.o
 .debug_frame   0x00000000000021a4     0x125c ./Drivers/STM32U5xx_HAL_Driver/Src/stm32u5xx_hal_tim.o
 .debug_frame   0x0000000000003400      0xab8 ./Drivers/STM32U5xx_HAL_Driver/Src/stm32u5xx_hal_tim_ex.o
 .debug_frame   0x0000000000003eb8      0xa84 ./Drivers/STM32U5xx_HAL_Driver/Src/stm32u5xx_hal_uart.o
 .debug_frame   0x000000000000493c      0x2ec ./Drivers/STM32U5xx_HAL_Driver/Src/stm32u5xx_hal_uart_ex.o
 .debug_frame   0x0000000000004c28       0x2c c:/st/stm32cubeide_1.11.0/stm32cubeide/plugins/com.st.stm32cube.ide.mcu.externaltools.gnu-tools-for-stm32.10.3-2021.10.win32_1.0.100.202210260954/tools/bin/../lib/gcc/arm-none-eabi/10.3.1/../../../../arm-none-eabi/lib/thumb/v8-m.main+fp/hard\libc_nano.a(lib_a-init.o)
 .debug_frame   0x0000000000004c54       0x20 c:/st/stm32cubeide_1.11.0/stm32cubeide/plugins/com.st.stm32cube.ide.mcu.externaltools.gnu-tools-for-stm32.10.3-2021.10.win32_1.0.100.202210260954/tools/bin/../lib/gcc/arm-none-eabi/10.3.1/../../../../arm-none-eabi/lib/thumb/v8-m.main+fp/hard\libc_nano.a(lib_a-memset.o)
 .debug_frame   0x0000000000004c74       0x2c c:/st/stm32cubeide_1.11.0/stm32cubeide/plugins/com.st.stm32cube.ide.mcu.externaltools.gnu-tools-for-stm32.10.3-2021.10.win32_1.0.100.202210260954/tools/bin/../lib/gcc/arm-none-eabi/10.3.1/thumb/v8-m.main+fp/hard\libgcc.a(_aeabi_uldivmod.o)
 .debug_frame   0x0000000000004ca0       0x38 c:/st/stm32cubeide_1.11.0/stm32cubeide/plugins/com.st.stm32cube.ide.mcu.externaltools.gnu-tools-for-stm32.10.3-2021.10.win32_1.0.100.202210260954/tools/bin/../lib/gcc/arm-none-eabi/10.3.1/thumb/v8-m.main+fp/hard\libgcc.a(_udivmoddi4.o)
