Archive member included to satisfy reference by file (symbol)

c:/st/stm32cubeide_1.11.0/stm32cubeide/plugins/com.st.stm32cube.ide.mcu.externaltools.gnu-tools-for-stm32.10.3-2021.10.win32_1.0.100.202210260954/tools/bin/../lib/gcc/arm-none-eabi/10.3.1/../../../../arm-none-eabi/lib/thumb/v8-m.main+fp/hard\libc_nano.a(lib_a-errno.o)
                              ./Core/Src/syscalls.o (__errno)
c:/st/stm32cubeide_1.11.0/stm32cubeide/plugins/com.st.stm32cube.ide.mcu.externaltools.gnu-tools-for-stm32.10.3-2021.10.win32_1.0.100.202210260954/tools/bin/../lib/gcc/arm-none-eabi/10.3.1/../../../../arm-none-eabi/lib/thumb/v8-m.main+fp/hard\libc_nano.a(lib_a-exit.o)
                              c:/st/stm32cubeide_1.11.0/stm32cubeide/plugins/com.st.stm32cube.ide.mcu.externaltools.gnu-tools-for-stm32.10.3-2021.10.win32_1.0.100.202210260954/tools/bin/../lib/gcc/arm-none-eabi/10.3.1/../../../../arm-none-eabi/lib/thumb/v8-m.main+fp/hard/crt0.o (exit)
c:/st/stm32cubeide_1.11.0/stm32cubeide/plugins/com.st.stm32cube.ide.mcu.externaltools.gnu-tools-for-stm32.10.3-2021.10.win32_1.0.100.202210260954/tools/bin/../lib/gcc/arm-none-eabi/10.3.1/../../../../arm-none-eabi/lib/thumb/v8-m.main+fp/hard\libc_nano.a(lib_a-impure.o)
                              c:/st/stm32cubeide_1.11.0/stm32cubeide/plugins/com.st.stm32cube.ide.mcu.externaltools.gnu-tools-for-stm32.10.3-2021.10.win32_1.0.100.202210260954/tools/bin/../lib/gcc/arm-none-eabi/10.3.1/../../../../arm-none-eabi/lib/thumb/v8-m.main+fp/hard\libc_nano.a(lib_a-exit.o) (_global_impure_ptr)
c:/st/stm32cubeide_1.11.0/stm32cubeide/plugins/com.st.stm32cube.ide.mcu.externaltools.gnu-tools-for-stm32.10.3-2021.10.win32_1.0.100.202210260954/tools/bin/../lib/gcc/arm-none-eabi/10.3.1/../../../../arm-none-eabi/lib/thumb/v8-m.main+fp/hard\libc_nano.a(lib_a-init.o)
                              c:/st/stm32cubeide_1.11.0/stm32cubeide/plugins/com.st.stm32cube.ide.mcu.externaltools.gnu-tools-for-stm32.10.3-2021.10.win32_1.0.100.202210260954/tools/bin/../lib/gcc/arm-none-eabi/10.3.1/../../../../arm-none-eabi/lib/thumb/v8-m.main+fp/hard/crt0.o (__libc_init_array)
c:/st/stm32cubeide_1.11.0/stm32cubeide/plugins/com.st.stm32cube.ide.mcu.externaltools.gnu-tools-for-stm32.10.3-2021.10.win32_1.0.100.202210260954/tools/bin/../lib/gcc/arm-none-eabi/10.3.1/../../../../arm-none-eabi/lib/thumb/v8-m.main+fp/hard\libc_nano.a(lib_a-memset.o)
                              c:/st/stm32cubeide_1.11.0/stm32cubeide/plugins/com.st.stm32cube.ide.mcu.externaltools.gnu-tools-for-stm32.10.3-2021.10.win32_1.0.100.202210260954/tools/bin/../lib/gcc/arm-none-eabi/10.3.1/../../../../arm-none-eabi/lib/thumb/v8-m.main+fp/hard/crt0.o (memset)

Discarded input sections

 .text          0x0000000000000000        0x0 c:/st/stm32cubeide_1.11.0/stm32cubeide/plugins/com.st.stm32cube.ide.mcu.externaltools.gnu-tools-for-stm32.10.3-2021.10.win32_1.0.100.202210260954/tools/bin/../lib/gcc/arm-none-eabi/10.3.1/thumb/v8-m.main+fp/hard/crti.o
 .data          0x0000000000000000        0x0 c:/st/stm32cubeide_1.11.0/stm32cubeide/plugins/com.st.stm32cube.ide.mcu.externaltools.gnu-tools-for-stm32.10.3-2021.10.win32_1.0.100.202210260954/tools/bin/../lib/gcc/arm-none-eabi/10.3.1/thumb/v8-m.main+fp/hard/crti.o
 .bss           0x0000000000000000        0x0 c:/st/stm32cubeide_1.11.0/stm32cubeide/plugins/com.st.stm32cube.ide.mcu.externaltools.gnu-tools-for-stm32.10.3-2021.10.win32_1.0.100.202210260954/tools/bin/../lib/gcc/arm-none-eabi/10.3.1/thumb/v8-m.main+fp/hard/crti.o
 .data          0x0000000000000000        0x4 c:/st/stm32cubeide_1.11.0/stm32cubeide/plugins/com.st.stm32cube.ide.mcu.externaltools.gnu-tools-for-stm32.10.3-2021.10.win32_1.0.100.202210260954/tools/bin/../lib/gcc/arm-none-eabi/10.3.1/thumb/v8-m.main+fp/hard/crtbegin.o
 .rodata        0x0000000000000000       0x24 c:/st/stm32cubeide_1.11.0/stm32cubeide/plugins/com.st.stm32cube.ide.mcu.externaltools.gnu-tools-for-stm32.10.3-2021.10.win32_1.0.100.202210260954/tools/bin/../lib/gcc/arm-none-eabi/10.3.1/thumb/v8-m.main+fp/hard/crtbegin.o
 .text          0x0000000000000000       0x7c c:/st/stm32cubeide_1.11.0/stm32cubeide/plugins/com.st.stm32cube.ide.mcu.externaltools.gnu-tools-for-stm32.10.3-2021.10.win32_1.0.100.202210260954/tools/bin/../lib/gcc/arm-none-eabi/10.3.1/../../../../arm-none-eabi/lib/thumb/v8-m.main+fp/hard/crt0.o
 .data          0x0000000000000000        0x0 c:/st/stm32cubeide_1.11.0/stm32cubeide/plugins/com.st.stm32cube.ide.mcu.externaltools.gnu-tools-for-stm32.10.3-2021.10.win32_1.0.100.202210260954/tools/bin/../lib/gcc/arm-none-eabi/10.3.1/../../../../arm-none-eabi/lib/thumb/v8-m.main+fp/hard/crt0.o
 .bss           0x0000000000000000        0x0 c:/st/stm32cubeide_1.11.0/stm32cubeide/plugins/com.st.stm32cube.ide.mcu.externaltools.gnu-tools-for-stm32.10.3-2021.10.win32_1.0.100.202210260954/tools/bin/../lib/gcc/arm-none-eabi/10.3.1/../../../../arm-none-eabi/lib/thumb/v8-m.main+fp/hard/crt0.o
[...]
Memory Configuration

Name             Origin             Length             Attributes
RAM              0x0000000020000000 0x00000000000c0000 xrw
SRAM4            0x0000000028000000 0x0000000000004000 xrw
FLASH            0x0000000008000000 0x0000000000200000 xr
*default*        0x0000000000000000 0xffffffffffffffff

Linker script and memory map

LOAD c:/st/stm32cubeide_1.11.0/stm32cubeide/plugins/com.st.stm32cube.ide.mcu.externaltools.gnu-tools-for-stm32.10.3-2021.10.win32_1.0.100.202210260954/tools/bin/../lib/gcc/arm-none-eabi/10.3.1/thumb/v8-m.main+fp/hard/crti.o
LOAD c:/st/stm32cubeide_1.11.0/stm32cubeide/plugins/com.st.stm32cube.ide.mcu.externaltools.gnu-tools-for-stm32.10.3-2021.10.win32_1.0.100.202210260954/tools/bin/../lib/gcc/arm-none-eabi/10.3.1/thumb/v8-m.main+fp/hard/crtbegin.o
LOAD c:/st/stm32cubeide_1.11.0/stm32cubeide/plugins/com.st.stm32cube.ide.mcu.externaltools.gnu-tools-for-stm32.10.3-2021.10.win32_1.0.100.202210260954/tools/bin/../lib/gcc/arm-none-eabi/10.3.1/../../../../arm-none-eabi/lib/thumb/v8-m.main+fp/hard/crt0.o
LOAD ./Core/Src/main.o
LOAD ./Core/Src/stm32u5xx_hal_msp.o
LOAD ./Core/Src/stm32u5xx_hal_timebase_tim.o
LOAD ./Core/Src/stm32u5xx_it.o
LOAD ./Core/Src/syscalls.o
LOAD ./Core/Src/sysmem.o
LOAD ./Core/Src/system_stm32u5xx.o
LOAD ./Core/Startup/startup_stm32u575zitxq.o
LOAD ./Drivers/STM32U5xx_HAL_Driver/Src/stm32u5xx_hal.o
LOAD ./Drivers/STM32U5xx_HAL_Driver/Src/stm32u5xx_hal_cortex.o
LOAD ./Drivers/STM32U5xx_HAL_Driver/Src/stm32u5xx_hal_dma.o
LOAD ./Drivers/STM32U5xx_HAL_Driver/Src/stm32u5xx_hal_dma_ex.o
LOAD ./Drivers/STM32U5xx_HAL_Driver/Src/stm32u5xx_hal_exti.o
LOAD ./Drivers/STM32U5xx_HAL_Driver/Src/stm32u5xx_hal_flash.o
LOAD ./Drivers/STM32U5xx_HAL_Driver/Src/stm32u5xx_hal_flash_ex.o
LOAD ./Drivers/STM32U5xx_HAL_Driver/Src/stm32u5xx_hal_gpio.o
LOAD ./Drivers/STM32U5xx_HAL_Driver/Src/stm32u5xx_hal_gtzc.o
LOAD ./Drivers/STM32U5xx_HAL_Driver/Src/stm32u5xx_hal_i2c.o
LOAD ./Drivers/STM32U5xx_HAL_Driver/Src/stm32u5xx_hal_i2c_ex.o
LOAD ./Drivers/STM32U5xx_HAL_Driver/Src/stm32u5xx_hal_icache.o
LOAD ./Drivers/STM32U5xx_HAL_Driver/Src/stm32u5xx_hal_pwr.o
LOAD ./Drivers/STM32U5xx_HAL_Driver/Src/stm32u5xx_hal_pwr_ex.o
LOAD ./Drivers/STM32U5xx_HAL_Driver/Src/stm32u5xx_hal_rcc.o
LOAD ./Drivers/STM32U5xx_HAL_Driver/Src/stm32u5xx_hal_rcc_ex.o
LOAD ./Drivers/STM32U5xx_HAL_Driver/Src/stm32u5xx_hal_tim.o
LOAD ./Drivers/STM32U5xx_HAL_Driver/Src/stm32u5xx_hal_tim_ex.o
START GROUP
LOAD c:/st/stm32cubeide_1.11.0/stm32cubeide/plugins/com.st.stm32cube.ide.mcu.externaltools.gnu-tools-for-stm32.10.3-2021.10.win32_1.0.100.202210260954/tools/bin/../lib/gcc/arm-none-eabi/10.3.1/../../../../arm-none-eabi/lib/thumb/v8-m.main+fp/hard\libc_nano.a
LOAD c:/st/stm32cubeide_1.11.0/stm32cubeide/plugins/com.st.stm32cube.ide.mcu.externaltools.gnu-tools-for-stm32.10.3-2021.10.win32_1.0.100.202210260954/tools/bin/../lib/gcc/arm-none-eabi/10.3.1/../../../../arm-none-eabi/lib/thumb/v8-m.main+fp/hard\libm.a
END GROUP
START GROUP
LOAD c:/st/stm32cubeide_1.11.0/stm32cubeide/plugins/com.st.stm32cube.ide.mcu.externaltools.gnu-tools-for-stm32.10.3-2021.10.win32_1.0.100.202210260954/tools/bin/../lib/gcc/arm-none-eabi/10.3.1/thumb/v8-m.main+fp/hard\libgcc.a
LOAD c:/st/stm32cubeide_1.11.0/stm32cubeide/plugins/com.st.stm32cube.ide.mcu.externaltools.gnu-tools-for-stm32.10.3-2021.10.win32_1.0.100.202210260954/tools/bin/../lib/gcc/arm-none-eabi/10.3.1/../../../../arm-none-eabi/lib/thumb/v8-m.main+fp/hard\libc_nano.a
END GROUP
START GROUP
LOAD c:/st/stm32cubeide_1.11.0/stm32cubeide/plugins/com.st.stm32cube.ide.mcu.externaltools.gnu-tools-for-stm32.10.3-2021.10.win32_1.0.100.202210260954/tools/bin/../lib/gcc/arm-none-eabi/10.3.1/thumb/v8-m.main+fp/hard\libgcc.a
LOAD c:/st/stm32cubeide_1.11.0/stm32cubeide/plugins/com.st.stm32cube.ide.mcu.externaltools.gnu-tools-for-stm32.10.3-2021.10.win32_1.0.100.202210260954/tools/bin/../lib/gcc/arm-none-eabi/10.3.1/../../../../arm-none-eabi/lib/thumb/v8-m.main+fp/hard\libc_nano.a
LOAD c:/st/stm32cubeide_1.11.0/stm32cubeide/plugins/com.st.stm32cube.ide.mcu.externaltools.gnu-tools-for-stm32.10.3-2021.10.win32_1.0.100.202210260954/tools/bin/../lib/gcc/arm-none-eabi/10.3.1/../../../../arm-none-eabi/lib/thumb/v8-m.main+fp/hard\libnosys.a
END GROUP
START GROUP
LOAD c:/st/stm32cubeide_1.11.0/stm32cubeide/plugins/com.st.stm32cube.ide.mcu.externaltools.gnu-tools-for-stm32.10.3-2021.10.win32_1.0.100.202210260954/tools/bin/../lib/gcc/arm-none-eabi/10.3.1/thumb/v8-m.main+fp/hard\libgcc.a
LOAD c:/st/stm32cubeide_1.11.0/stm32cubeide/plugins/com.st.stm32cube.ide.mcu.externaltools.gnu-tools-for-stm32.10.3-2021.10.win32_1.0.100.202210260954/tools/bin/../lib/gcc/arm-none-eabi/10.3.1/../../../../arm-none-eabi/lib/thumb/v8-m.main+fp/hard\libc_nano.a
LOAD c:/st/stm32cubeide_1.11.0/stm32cubeide/plugins/com.st.stm32cube.ide.mcu.externaltools.gnu-tools-for-stm32.10.3-2021.10.win32_1.0.100.202210260954/tools/bin/../lib/gcc/arm-none-eabi/10.3.1/../../../../arm-none-eabi/lib/thumb/v8-m.main+fp/hard\libnosys.a
END GROUP
LOAD c:/st/stm32cubeide_1.11.0/stm32cubeide/plugins/com.st.stm32cube.ide.mcu.externaltools.gnu-tools-for-stm32.10.3-2021.10.win32_1.0.100.202210260954/tools/bin/../lib/gcc/arm-none-eabi/10.3.1/thumb/v8-m.main+fp/hard/crtend.o
LOAD c:/st/stm32cubeide_1.11.0/stm32cubeide/plugins/com.st.stm32cube.ide.mcu.externaltools.gnu-tools-for-stm32.10.3-2021.10.win32_1.0.100.202210260954/tools/bin/../lib/gcc/arm-none-eabi/10.3.1/thumb/v8-m.main+fp/hard/crtn.o
                0x00000000200c0000                _estack = (ORIGIN (RAM) + LENGTH (RAM))
                0x0000000000000200                _Min_Heap_Size = 0x200
                0x0000000000000400                _Min_Stack_Size = 0x400

.isr_vector     0x0000000008000000      0x234
 *(.isr_vector)
 .isr_vector    0x0000000008000000      0x234 ./Core/Startup/startup_stm32u575zitxq.o
                0x0000000008000000                g_pfnVectors

.text           0x0000000008000234     0x2c68
 *(.text)
 .text          0x0000000008000234       0x40 c:/st/stm32cubeide_1.11.0/stm32cubeide/plugins/com.st.stm32cube.ide.mcu.externaltools.gnu-tools-for-stm32.10.3-2021.10.win32_1.0.100.202210260954/tools/bin/../lib/gcc/arm-none-eabi/10.3.1/thumb/v8-m.main+fp/hard/crtbegin.o
 *(.text*)
 .text.main     0x0000000008000274       0x3c ./Core/Src/main.o
                0x0000000008000274                main
 .text.SystemClock_Config
                0x00000000080002b0       0x92 ./Core/Src/main.o
                0x00000000080002b0                SystemClock_Config
 .text.SystemPower_Config
                0x0000000008000342       0x20 ./Core/Src/main.o
 .text.MX_ICACHE_Init
                0x0000000008000362       0x26 ./Core/Src/main.o
 .text.MX_GPIO_Init
                0x0000000008000388      0x1e4 ./Core/Src/main.o
 .text.HAL_TIM_PeriodElapsedCallback
                0x000000000800056c       0x24 ./Core/Src/main.o
                0x000000000800056c                HAL_TIM_PeriodElapsedCallback
 .text.Error_Handler
                0x0000000008000590        0xa ./Core/Src/main.o
                0x0000000008000590                Error_Handler
 *fill*         0x000000000800059a        0x2 
 .text.HAL_MspInit
                0x000000000800059c       0x38 ./Core/Src/stm32u5xx_hal_msp.o
                0x000000000800059c                HAL_MspInit
 .text.HAL_InitTick
                0x00000000080005d4       0xe0 ./Core/Src/stm32u5xx_hal_timebase_tim.o
                0x00000000080005d4                HAL_InitTick
 .text.NMI_Handler
                0x00000000080006b4        0x6 ./Core/Src/stm32u5xx_it.o
                0x00000000080006b4                NMI_Handler
 .text.HardFault_Handler
                0x00000000080006ba        0x6 ./Core/Src/stm32u5xx_it.o
                0x00000000080006ba                HardFault_Handler
 .text.MemManage_Handler
                0x00000000080006c0        0x6 ./Core/Src/stm32u5xx_it.o
                0x00000000080006c0                MemManage_Handler
 .text.BusFault_Handler
                0x00000000080006c6        0x6 ./Core/Src/stm32u5xx_it.o
                0x00000000080006c6                BusFault_Handler
 .text.UsageFault_Handler
                0x00000000080006cc        0x6 ./Core/Src/stm32u5xx_it.o
                0x00000000080006cc                UsageFault_Handler
 .text.SVC_Handler
                0x00000000080006d2        0xe ./Core/Src/stm32u5xx_it.o
                0x00000000080006d2                SVC_Handler
 .text.DebugMon_Handler
                0x00000000080006e0        0xe ./Core/Src/stm32u5xx_it.o
                0x00000000080006e0                DebugMon_Handler
 .text.PendSV_Handler
                0x00000000080006ee        0xe ./Core/Src/stm32u5xx_it.o
                0x00000000080006ee                PendSV_Handler
 .text.SysTick_Handler
                0x00000000080006fc        0xe ./Core/Src/stm32u5xx_it.o
                0x00000000080006fc                SysTick_Handler
 *fill*         0x000000000800070a        0x2 
 .text.TIM17_IRQHandler
                0x000000000800070c       0x14 ./Core/Src/stm32u5xx_it.o
                0x000000000800070c                TIM17_IRQHandler
 .text.SystemInit
                0x0000000008000720       0x70 ./Core/Src/system_stm32u5xx.o
                0x0000000008000720                SystemInit
 .text.Reset_Handler
                0x0000000008000790       0x50 ./Core/Startup/startup_stm32u575zitxq.o
                0x0000000008000790                Reset_Handler
 .text.Default_Handler
                0x00000000080007e0        0x2 ./Core/Startup/startup_stm32u575zitxq.o
                0x00000000080007e0                EXTI2_IRQHandler
                0x00000000080007e0                TIM8_TRG_COM_IRQHandler
                0x00000000080007e0                TIM8_CC_IRQHandler
                0x00000000080007e0                EXTI5_IRQHandler
                0x00000000080007e0                FLASH_S_IRQHandler
                0x00000000080007e0                EXTI13_IRQHandler
                0x00000000080007e0                TIM1_CC_IRQHandler
                0x00000000080007e0                TSC_IRQHandler
                0x00000000080007e0                TAMP_IRQHandler
                0x00000000080007e0                TIM6_IRQHandler
                0x00000000080007e0                EXTI12_IRQHandler
                0x00000000080007e0                CORDIC_IRQHandler
                0x00000000080007e0                EXTI3_IRQHandler
                0x00000000080007e0                LPTIM4_IRQHandler
                0x00000000080007e0                GPDMA1_Channel5_IRQHandler
                0x00000000080007e0                EXTI8_IRQHandler
                0x00000000080007e0                LPTIM2_IRQHandler
                0x00000000080007e0                I2C3_ER_IRQHandler
                0x00000000080007e0                PWR_S3WU_IRQHandler
                0x00000000080007e0                MDF1_FLT2_IRQHandler
                0x00000000080007e0                LPDMA1_Channel3_IRQHandler
                0x00000000080007e0                LPTIM3_IRQHandler
                0x00000000080007e0                EXTI0_IRQHandler
                0x00000000080007e0                I2C2_EV_IRQHandler
                0x00000000080007e0                FPU_IRQHandler
                0x00000000080007e0                GPDMA1_Channel3_IRQHandler
                0x00000000080007e0                GPDMA1_Channel7_IRQHandler
                0x00000000080007e0                MDF1_FLT4_IRQHandler
                0x00000000080007e0                FDCAN1_IT1_IRQHandler
                0x00000000080007e0                RAMCFG_IRQHandler
                0x00000000080007e0                GPDMA1_Channel9_IRQHandler
                0x00000000080007e0                DCACHE1_IRQHandler
                0x00000000080007e0                SPI1_IRQHandler
                0x00000000080007e0                OCTOSPI1_IRQHandler
                0x00000000080007e0                GPDMA1_Channel2_IRQHandler
                0x00000000080007e0                TIM8_UP_IRQHandler
                0x00000000080007e0                RCC_S_IRQHandler
                0x00000000080007e0                OCTOSPI2_IRQHandler
                0x00000000080007e0                SAI2_IRQHandler
                0x00000000080007e0                MDF1_FLT1_IRQHandler
                0x00000000080007e0                ADC1_IRQHandler
                0x00000000080007e0                MDF1_FLT5_IRQHandler
                0x00000000080007e0                EXTI15_IRQHandler
                0x00000000080007e0                USART3_IRQHandler
                0x00000000080007e0                RTC_IRQHandler
                0x00000000080007e0                EXTI9_IRQHandler
                0x00000000080007e0                UART5_IRQHandler
                0x00000000080007e0                TIM4_IRQHandler
                0x00000000080007e0                I2C1_EV_IRQHandler
                0x00000000080007e0                GPDMA1_Channel12_IRQHandler
                0x00000000080007e0                GPDMA1_Channel1_IRQHandler
                0x00000000080007e0                TIM16_IRQHandler
                0x00000000080007e0                GPDMA1_Channel15_IRQHandler
                0x00000000080007e0                UART4_IRQHandler
                0x00000000080007e0                SecureFault_Handler
                0x00000000080007e0                TIM3_IRQHandler
                0x00000000080007e0                RCC_IRQHandler
                0x00000000080007e0                TIM1_TRG_COM_IRQHandler
                0x00000000080007e0                Default_Handler
                0x00000000080007e0                GPDMA1_Channel8_IRQHandler
                0x00000000080007e0                FMAC_IRQHandler
                0x00000000080007e0                GPDMA1_Channel11_IRQHandler
                0x00000000080007e0                TIM7_IRQHandler
                0x00000000080007e0                SDMMC1_IRQHandler
                0x00000000080007e0                TIM5_IRQHandler
                0x00000000080007e0                UCPD1_IRQHandler
                0x00000000080007e0                GPDMA1_Channel0_IRQHandler
                0x00000000080007e0                TIM15_IRQHandler
                0x00000000080007e0                I2C3_EV_IRQHandler
                0x00000000080007e0                LPDMA1_Channel0_IRQHandler
                0x00000000080007e0                PVD_PVM_IRQHandler
                0x00000000080007e0                SPI2_IRQHandler
                0x00000000080007e0                LPDMA1_Channel1_IRQHandler
                0x00000000080007e0                EXTI14_IRQHandler
                0x00000000080007e0                EXTI11_IRQHandler
                0x00000000080007e0                CRS_IRQHandler
                0x00000000080007e0                GPDMA1_Channel14_IRQHandler
                0x00000000080007e0                EXTI4_IRQHandler
                0x00000000080007e0                RTC_S_IRQHandler
                0x00000000080007e0                GPDMA1_Channel13_IRQHandler
                0x00000000080007e0                RNG_IRQHandler
                0x00000000080007e0                COMP_IRQHandler
                0x00000000080007e0                TIM1_UP_IRQHandler
                0x00000000080007e0                ADC4_IRQHandler
                0x00000000080007e0                WWDG_IRQHandler
                0x00000000080007e0                I2C4_EV_IRQHandler
                0x00000000080007e0                ADF1_IRQHandler
                0x00000000080007e0                IWDG_IRQHandler
                0x00000000080007e0                LPUART1_IRQHandler
                0x00000000080007e0                MDF1_FLT0_IRQHandler
                0x00000000080007e0                FDCAN1_IT0_IRQHandler
                0x00000000080007e0                TIM2_IRQHandler
                0x00000000080007e0                GPDMA1_Channel4_IRQHandler
                0x00000000080007e0                EXTI7_IRQHandler
                0x00000000080007e0                DMA2D_IRQHandler
                0x00000000080007e0                TIM1_BRK_IRQHandler
                0x00000000080007e0                EXTI1_IRQHandler
                0x00000000080007e0                SDMMC2_IRQHandler
                0x00000000080007e0                DAC1_IRQHandler
                0x00000000080007e0                GTZC_IRQHandler
                0x00000000080007e0                MDF1_FLT3_IRQHandler
                0x00000000080007e0                USART2_IRQHandler
                0x00000000080007e0                GPDMA1_Channel6_IRQHandler
                0x00000000080007e0                I2C2_ER_IRQHandler
                0x00000000080007e0                TIM8_BRK_IRQHandler
                0x00000000080007e0                FLASH_IRQHandler
                0x00000000080007e0                USART1_IRQHandler
                0x00000000080007e0                EXTI10_IRQHandler
                0x00000000080007e0                OTG_FS_IRQHandler
                0x00000000080007e0                SPI3_IRQHandler
                0x00000000080007e0                LPDMA1_Channel2_IRQHandler
                0x00000000080007e0                I2C1_ER_IRQHandler
                0x00000000080007e0                FMC_IRQHandler
                0x00000000080007e0                EXTI6_IRQHandler
                0x00000000080007e0                LPTIM1_IRQHandler
                0x00000000080007e0                DCMI_PSSI_IRQHandler
                0x00000000080007e0                I2C4_ER_IRQHandler
                0x00000000080007e0                GPDMA1_Channel10_IRQHandler
                0x00000000080007e0                ICACHE_IRQHandler
                0x00000000080007e0                SAI1_IRQHandler
                0x00000000080007e0                HASH_IRQHandler
 *fill*         0x00000000080007e2        0x2 
 .text.HAL_Init
                0x00000000080007e4       0x5c ./Drivers/STM32U5xx_HAL_Driver/Src/stm32u5xx_hal.o
                0x00000000080007e4                HAL_Init
 .text.HAL_IncTick
                0x0000000008000840       0x28 ./Drivers/STM32U5xx_HAL_Driver/Src/stm32u5xx_hal.o
                0x0000000008000840                HAL_IncTick
 .text.HAL_GetTick
                0x0000000008000868       0x18 ./Drivers/STM32U5xx_HAL_Driver/Src/stm32u5xx_hal.o
                0x0000000008000868                HAL_GetTick
 .text.HAL_Delay
                0x0000000008000880       0x48 ./Drivers/STM32U5xx_HAL_Driver/Src/stm32u5xx_hal.o
                0x0000000008000880                HAL_Delay
 .text.__NVIC_SetPriorityGrouping
                0x00000000080008c8       0x48 ./Drivers/STM32U5xx_HAL_Driver/Src/stm32u5xx_hal_cortex.o
 .text.__NVIC_GetPriorityGrouping
                0x0000000008000910       0x1c ./Drivers/STM32U5xx_HAL_Driver/Src/stm32u5xx_hal_cortex.o
 .text.__NVIC_EnableIRQ
                0x000000000800092c       0x3c ./Drivers/STM32U5xx_HAL_Driver/Src/stm32u5xx_hal_cortex.o
 .text.__NVIC_SetPriority
                0x0000000008000968       0x54 ./Drivers/STM32U5xx_HAL_Driver/Src/stm32u5xx_hal_cortex.o
 .text.NVIC_EncodePriority
                0x00000000080009bc       0x66 ./Drivers/STM32U5xx_HAL_Driver/Src/stm32u5xx_hal_cortex.o
 .text.HAL_NVIC_SetPriorityGrouping
                0x0000000008000a22       0x16 ./Drivers/STM32U5xx_HAL_Driver/Src/stm32u5xx_hal_cortex.o
                0x0000000008000a22                HAL_NVIC_SetPriorityGrouping
 .text.HAL_NVIC_SetPriority
                0x0000000008000a38       0x34 ./Drivers/STM32U5xx_HAL_Driver/Src/stm32u5xx_hal_cortex.o
                0x0000000008000a38                HAL_NVIC_SetPriority
 .text.HAL_NVIC_EnableIRQ
                0x0000000008000a6c       0x1c ./Drivers/STM32U5xx_HAL_Driver/Src/stm32u5xx_hal_cortex.o
                0x0000000008000a6c                HAL_NVIC_EnableIRQ
 .text.HAL_GPIO_Init
                0x0000000008000a88      0x3b0 ./Drivers/STM32U5xx_HAL_Driver/Src/stm32u5xx_hal_gpio.o
                0x0000000008000a88                HAL_GPIO_Init
 .text.HAL_GPIO_WritePin
                0x0000000008000e38       0x30 ./Drivers/STM32U5xx_HAL_Driver/Src/stm32u5xx_hal_gpio.o
                0x0000000008000e38                HAL_GPIO_WritePin
 .text.HAL_GPIO_TogglePin
                0x0000000008000e68       0x34 ./Drivers/STM32U5xx_HAL_Driver/Src/stm32u5xx_hal_gpio.o
                0x0000000008000e68                HAL_GPIO_TogglePin
 .text.HAL_ICACHE_ConfigAssociativityMode
                0x0000000008000e9c       0x40 ./Drivers/STM32U5xx_HAL_Driver/Src/stm32u5xx_hal_icache.o
                0x0000000008000e9c                HAL_ICACHE_ConfigAssociativityMode
 .text.HAL_ICACHE_Enable
                0x0000000008000edc       0x20 ./Drivers/STM32U5xx_HAL_Driver/Src/stm32u5xx_hal_icache.o
                0x0000000008000edc                HAL_ICACHE_Enable
 .text.HAL_PWREx_ControlVoltageScaling
                0x0000000008000efc       0xe8 ./Drivers/STM32U5xx_HAL_Driver/Src/stm32u5xx_hal_pwr_ex.o
                0x0000000008000efc                HAL_PWREx_ControlVoltageScaling
 .text.HAL_PWREx_GetVoltageRange
                0x0000000008000fe4       0x1c ./Drivers/STM32U5xx_HAL_Driver/Src/stm32u5xx_hal_pwr_ex.o
                0x0000000008000fe4                HAL_PWREx_GetVoltageRange
 .text.HAL_PWREx_ConfigSupply
                0x0000000008001000       0xa0 ./Drivers/STM32U5xx_HAL_Driver/Src/stm32u5xx_hal_pwr_ex.o
                0x0000000008001000                HAL_PWREx_ConfigSupply
 .text.HAL_PWREx_EnableVddIO2
                0x00000000080010a0       0x20 ./Drivers/STM32U5xx_HAL_Driver/Src/stm32u5xx_hal_pwr_ex.o
                0x00000000080010a0                HAL_PWREx_EnableVddIO2
 .text.HAL_PWREx_DisableUCPDDeadBattery
                0x00000000080010c0       0x20 ./Drivers/STM32U5xx_HAL_Driver/Src/stm32u5xx_hal_pwr_ex.o
                0x00000000080010c0                HAL_PWREx_DisableUCPDDeadBattery
 .text.HAL_RCC_OscConfig
                0x00000000080010e0      0xdac ./Drivers/STM32U5xx_HAL_Driver/Src/stm32u5xx_hal_rcc.o
                0x00000000080010e0                HAL_RCC_OscConfig
 .text.HAL_RCC_ClockConfig
                0x0000000008001e8c      0x3e4 ./Drivers/STM32U5xx_HAL_Driver/Src/stm32u5xx_hal_rcc.o
                0x0000000008001e8c                HAL_RCC_ClockConfig
 .text.HAL_RCC_GetSysClockFreq
                0x0000000008002270      0x210 ./Drivers/STM32U5xx_HAL_Driver/Src/stm32u5xx_hal_rcc.o
                0x0000000008002270                HAL_RCC_GetSysClockFreq
 .text.HAL_RCC_GetHCLKFreq
                0x0000000008002480       0x34 ./Drivers/STM32U5xx_HAL_Driver/Src/stm32u5xx_hal_rcc.o
                0x0000000008002480                HAL_RCC_GetHCLKFreq
 .text.HAL_RCC_GetPCLK2Freq
                0x00000000080024b4       0x28 ./Drivers/STM32U5xx_HAL_Driver/Src/stm32u5xx_hal_rcc.o
                0x00000000080024b4                HAL_RCC_GetPCLK2Freq
 .text.HAL_RCC_GetClockConfig
                0x00000000080024dc       0x70 ./Drivers/STM32U5xx_HAL_Driver/Src/stm32u5xx_hal_rcc.o
                0x00000000080024dc                HAL_RCC_GetClockConfig
 .text.RCC_SetFlashLatencyFromMSIRange
                0x000000000800254c      0x10c ./Drivers/STM32U5xx_HAL_Driver/Src/stm32u5xx_hal_rcc.o
 .text.HAL_TIM_Base_Init
                0x0000000008002658       0xae ./Drivers/STM32U5xx_HAL_Driver/Src/stm32u5xx_hal_tim.o
                0x0000000008002658                HAL_TIM_Base_Init
 .text.HAL_TIM_Base_MspInit
                0x0000000008002706       0x14 ./Drivers/STM32U5xx_HAL_Driver/Src/stm32u5xx_hal_tim.o
                0x0000000008002706                HAL_TIM_Base_MspInit
 *fill*         0x000000000800271a        0x2 
 .text.HAL_TIM_Base_Start_IT
                0x000000000800271c      0x140 ./Drivers/STM32U5xx_HAL_Driver/Src/stm32u5xx_hal_tim.o
                0x000000000800271c                HAL_TIM_Base_Start_IT
 .text.HAL_TIM_IRQHandler
                0x000000000800285c      0x2fe ./Drivers/STM32U5xx_HAL_Driver/Src/stm32u5xx_hal_tim.o
                0x000000000800285c                HAL_TIM_IRQHandler
 .text.HAL_TIM_OC_DelayElapsedCallback
                0x0000000008002b5a       0x14 ./Drivers/STM32U5xx_HAL_Driver/Src/stm32u5xx_hal_tim.o
                0x0000000008002b5a                HAL_TIM_OC_DelayElapsedCallback
 .text.HAL_TIM_IC_CaptureCallback
                0x0000000008002b6e       0x14 ./Drivers/STM32U5xx_HAL_Driver/Src/stm32u5xx_hal_tim.o
                0x0000000008002b6e                HAL_TIM_IC_CaptureCallback
 .text.HAL_TIM_PWM_PulseFinishedCallback
                0x0000000008002b82       0x14 ./Drivers/STM32U5xx_HAL_Driver/Src/stm32u5xx_hal_tim.o
                0x0000000008002b82                HAL_TIM_PWM_PulseFinishedCallback
 .text.HAL_TIM_TriggerCallback
                0x0000000008002b96       0x14 ./Drivers/STM32U5xx_HAL_Driver/Src/stm32u5xx_hal_tim.o
                0x0000000008002b96                HAL_TIM_TriggerCallback
 *fill*         0x0000000008002baa        0x2 
 .text.TIM_Base_SetConfig
                0x0000000008002bac      0x1f4 ./Drivers/STM32U5xx_HAL_Driver/Src/stm32u5xx_hal_tim.o
                0x0000000008002bac                TIM_Base_SetConfig
 .text.HAL_TIMEx_CommutCallback
                0x0000000008002da0       0x14 ./Drivers/STM32U5xx_HAL_Driver/Src/stm32u5xx_hal_tim_ex.o
                0x0000000008002da0                HAL_TIMEx_CommutCallback
 .text.HAL_TIMEx_BreakCallback
                0x0000000008002db4       0x14 ./Drivers/STM32U5xx_HAL_Driver/Src/stm32u5xx_hal_tim_ex.o
                0x0000000008002db4                HAL_TIMEx_BreakCallback
 .text.HAL_TIMEx_Break2Callback
                0x0000000008002dc8       0x14 ./Drivers/STM32U5xx_HAL_Driver/Src/stm32u5xx_hal_tim_ex.o
                0x0000000008002dc8                HAL_TIMEx_Break2Callback
 .text.HAL_TIMEx_EncoderIndexCallback
                0x0000000008002ddc       0x14 ./Drivers/STM32U5xx_HAL_Driver/Src/stm32u5xx_hal_tim_ex.o
                0x0000000008002ddc                HAL_TIMEx_EncoderIndexCallback
 .text.HAL_TIMEx_DirectionChangeCallback
                0x0000000008002df0       0x14 ./Drivers/STM32U5xx_HAL_Driver/Src/stm32u5xx_hal_tim_ex.o
                0x0000000008002df0                HAL_TIMEx_DirectionChangeCallback
 .text.HAL_TIMEx_IndexErrorCallback
                0x0000000008002e04       0x14 ./Drivers/STM32U5xx_HAL_Driver/Src/stm32u5xx_hal_tim_ex.o
                0x0000000008002e04                HAL_TIMEx_IndexErrorCallback
 .text.HAL_TIMEx_TransitionErrorCallback
                0x0000000008002e18       0x14 ./Drivers/STM32U5xx_HAL_Driver/Src/stm32u5xx_hal_tim_ex.o
                0x0000000008002e18                HAL_TIMEx_TransitionErrorCallback
 .text.__libc_init_array
                0x0000000008002e2c       0x48 c:/st/stm32cubeide_1.11.0/stm32cubeide/plugins/com.st.stm32cube.ide.mcu.externaltools.gnu-tools-for-stm32.10.3-2021.10.win32_1.0.100.202210260954/tools/bin/../lib/gcc/arm-none-eabi/10.3.1/../../../../arm-none-eabi/lib/thumb/v8-m.main+fp/hard\libc_nano.a(lib_a-init.o)
                0x0000000008002e2c                __libc_init_array
 .text.memset   0x0000000008002e74       0x10 c:/st/stm32cubeide_1.11.0/stm32cubeide/plugins/com.st.stm32cube.ide.mcu.externaltools.gnu-tools-for-stm32.10.3-2021.10.win32_1.0.100.202210260954/tools/bin/../lib/gcc/arm-none-eabi/10.3.1/../../../../arm-none-eabi/lib/thumb/v8-m.main+fp/hard\libc_nano.a(lib_a-memset.o)
                0x0000000008002e74                memset
 *(.glue_7)
 .glue_7        0x0000000008002e84        0x0 linker stubs
 *(.glue_7t)
 .glue_7t       0x0000000008002e84        0x0 linker stubs
 *(.eh_frame)
 .eh_frame      0x0000000008002e84        0x0 c:/st/stm32cubeide_1.11.0/stm32cubeide/plugins/com.st.stm32cube.ide.mcu.externaltools.gnu-tools-for-stm32.10.3-2021.10.win32_1.0.100.202210260954/tools/bin/../lib/gcc/arm-none-eabi/10.3.1/thumb/v8-m.main+fp/hard/crtbegin.o
 *(.init)
 .init          0x0000000008002e84        0x4 c:/st/stm32cubeide_1.11.0/stm32cubeide/plugins/com.st.stm32cube.ide.mcu.externaltools.gnu-tools-for-stm32.10.3-2021.10.win32_1.0.100.202210260954/tools/bin/../lib/gcc/arm-none-eabi/10.3.1/thumb/v8-m.main+fp/hard/crti.o
                0x0000000008002e84                _init
 .init          0x0000000008002e88        0x8 c:/st/stm32cubeide_1.11.0/stm32cubeide/plugins/com.st.stm32cube.ide.mcu.externaltools.gnu-tools-for-stm32.10.3-2021.10.win32_1.0.100.202210260954/tools/bin/../lib/gcc/arm-none-eabi/10.3.1/thumb/v8-m.main+fp/hard/crtn.o
 *(.fini)
 .fini          0x0000000008002e90        0x4 c:/st/stm32cubeide_1.11.0/stm32cubeide/plugins/com.st.stm32cube.ide.mcu.externaltools.gnu-tools-for-stm32.10.3-2021.10.win32_1.0.100.202210260954/tools/bin/../lib/gcc/arm-none-eabi/10.3.1/thumb/v8-m.main+fp/hard/crti.o
                0x0000000008002e90                _fini
 .fini          0x0000000008002e94        0x8 c:/st/stm32cubeide_1.11.0/stm32cubeide/plugins/com.st.stm32cube.ide.mcu.externaltools.gnu-tools-for-stm32.10.3-2021.10.win32_1.0.100.202210260954/tools/bin/../lib/gcc/arm-none-eabi/10.3.1/thumb/v8-m.main+fp/hard/crtn.o
                0x0000000008002e9c                _etext = .

.vfp11_veneer   0x0000000008002e9c        0x0
 .vfp11_veneer  0x0000000008002e9c        0x0 linker stubs

.v4_bx          0x0000000008002e9c        0x0
 .v4_bx         0x0000000008002e9c        0x0 linker stubs

.iplt           0x0000000008002e9c        0x0
 .iplt          0x0000000008002e9c        0x0 c:/st/stm32cubeide_1.11.0/stm32cubeide/plugins/com.st.stm32cube.ide.mcu.externaltools.gnu-tools-for-stm32.10.3-2021.10.win32_1.0.100.202210260954/tools/bin/../lib/gcc/arm-none-eabi/10.3.1/thumb/v8-m.main+fp/hard/crtbegin.o

.rodata         0x0000000008002e9c       0xd8
 *(.rodata)
 *(.rodata*)
 .rodata.AHBPrescTable
                0x0000000008002e9c       0x10 ./Core/Src/system_stm32u5xx.o
                0x0000000008002e9c                AHBPrescTable
 .rodata.APBPrescTable
                0x0000000008002eac        0x8 ./Core/Src/system_stm32u5xx.o
                0x0000000008002eac                APBPrescTable
 .rodata.MSIRangeTable
                0x0000000008002eb4       0x40 ./Core/Src/system_stm32u5xx.o
                0x0000000008002eb4                MSIRangeTable
 .rodata.LPGPIO_Map
                0x0000000008002ef4       0x80 ./Drivers/STM32U5xx_HAL_Driver/Src/stm32u5xx_hal_gpio.o

.rel.dyn        0x0000000008002f74        0x0
 .rel.iplt      0x0000000008002f74        0x0 c:/st/stm32cubeide_1.11.0/stm32cubeide/plugins/com.st.stm32cube.ide.mcu.externaltools.gnu-tools-for-stm32.10.3-2021.10.win32_1.0.100.202210260954/tools/bin/../lib/gcc/arm-none-eabi/10.3.1/thumb/v8-m.main+fp/hard/crtbegin.o

.ARM.extab
 *(.ARM.extab* .gnu.linkonce.armextab.*)

.ARM            0x0000000008002f74        0x0
                0x0000000008002f74                __exidx_start = .
 *(.ARM.exidx*)
                0x0000000008002f74                __exidx_end = .

.preinit_array  0x0000000008002f74        0x0
                0x0000000008002f74                PROVIDE (__preinit_array_start = .)
 *(.preinit_array*)
                0x0000000008002f74                PROVIDE (__preinit_array_end = .)

.init_array     0x0000000008002f74        0x4
                0x0000000008002f74                PROVIDE (__init_array_start = .)
 *(SORT_BY_NAME(.init_array.*))
 *(.init_array*)
 .init_array    0x0000000008002f74        0x4 c:/st/stm32cubeide_1.11.0/stm32cubeide/plugins/com.st.stm32cube.ide.mcu.externaltools.gnu-tools-for-stm32.10.3-2021.10.win32_1.0.100.202210260954/tools/bin/../lib/gcc/arm-none-eabi/10.3.1/thumb/v8-m.main+fp/hard/crtbegin.o
                0x0000000008002f78                PROVIDE (__init_array_end = .)

.fini_array     0x0000000008002f78        0x4
                [!provide]                        PROVIDE (__fini_array_start = .)
 *(SORT_BY_NAME(.fini_array.*))
 *(.fini_array*)
 .fini_array    0x0000000008002f78        0x4 c:/st/stm32cubeide_1.11.0/stm32cubeide/plugins/com.st.stm32cube.ide.mcu.externaltools.gnu-tools-for-stm32.10.3-2021.10.win32_1.0.100.202210260954/tools/bin/../lib/gcc/arm-none-eabi/10.3.1/thumb/v8-m.main+fp/hard/crtbegin.o
                [!provide]                        PROVIDE (__fini_array_end = .)
                0x0000000008002f7c                _sidata = LOADADDR (.data)

.data           0x0000000020000000        0x9 load address 0x0000000008002f7c
                0x0000000020000000                _sdata = .
 *(.data)
 *(.data*)
 .data.SystemCoreClock
                0x0000000020000000        0x4 ./Core/Src/system_stm32u5xx.o
                0x0000000020000000                SystemCoreClock
 .data.uwTickPrio
                0x0000000020000004        0x4 ./Drivers/STM32U5xx_HAL_Driver/Src/stm32u5xx_hal.o
                0x0000000020000004                uwTickPrio
 .data.uwTickFreq
                0x0000000020000008        0x1 ./Drivers/STM32U5xx_HAL_Driver/Src/stm32u5xx_hal.o
                0x0000000020000008                uwTickFreq
 *(.RamFunc)
 *(.RamFunc*)
                0x0000000020000009                _edata = .

.igot.plt       0x000000002000000c        0x0 load address 0x0000000008002f85
 .igot.plt      0x000000002000000c        0x0 c:/st/stm32cubeide_1.11.0/stm32cubeide/plugins/com.st.stm32cube.ide.mcu.externaltools.gnu-tools-for-stm32.10.3-2021.10.win32_1.0.100.202210260954/tools/bin/../lib/gcc/arm-none-eabi/10.3.1/thumb/v8-m.main+fp/hard/crtbegin.o

.bss            0x000000002000000c       0x6c load address 0x0000000008002f85
                0x000000002000000c                _sbss = .
                0x000000002000000c                __bss_start__ = _sbss
 *(.bss)
 .bss           0x000000002000000c       0x1c c:/st/stm32cubeide_1.11.0/stm32cubeide/plugins/com.st.stm32cube.ide.mcu.externaltools.gnu-tools-for-stm32.10.3-2021.10.win32_1.0.100.202210260954/tools/bin/../lib/gcc/arm-none-eabi/10.3.1/thumb/v8-m.main+fp/hard/crtbegin.o
 *(.bss*)
 .bss.htim17    0x0000000020000028       0x4c ./Core/Src/stm32u5xx_hal_timebase_tim.o
                0x0000000020000028                htim17
 .bss.uwTick    0x0000000020000074        0x4 ./Drivers/STM32U5xx_HAL_Driver/Src/stm32u5xx_hal.o
                0x0000000020000074                uwTick
 *(COMMON)
                0x0000000020000078                _ebss = .
                0x0000000020000078                __bss_end__ = _ebss

._user_heap_stack
                0x0000000020000078      0x600 load address 0x0000000008002f85
                0x0000000020000078                . = ALIGN (0x8)
                [!provide]                        PROVIDE (end = .)
                0x0000000020000078                PROVIDE (_end = .)
                0x0000000020000278                . = (. + _Min_Heap_Size)
 *fill*         0x0000000020000078      0x200 
                0x0000000020000678                . = (. + _Min_Stack_Size)
 *fill*         0x0000000020000278      0x400 
                0x0000000020000678                . = ALIGN (0x8)

/DISCARD/
 libc.a(*)
 libm.a(*)
 libgcc.a(*)

.ARM.attributes
                0x0000000000000000       0x36
 *(.ARM.attributes)
 .ARM.attributes
                0x0000000000000000       0x22 c:/st/stm32cubeide_1.11.0/stm32cubeide/plugins/com.st.stm32cube.ide.mcu.externaltools.gnu-tools-for-stm32.10.3-2021.10.win32_1.0.100.202210260954/tools/bin/../lib/gcc/arm-none-eabi/10.3.1/thumb/v8-m.main+fp/hard/crti.o
 .ARM.attributes
                0x0000000000000022       0x38 c:/st/stm32cubeide_1.11.0/stm32cubeide/plugins/com.st.stm32cube.ide.mcu.externaltools.gnu-tools-for-stm32.10.3-2021.10.win32_1.0.100.202210260954/tools/bin/../lib/gcc/arm-none-eabi/10.3.1/thumb/v8-m.main+fp/hard/crtbegin.o
 .ARM.attributes
                0x000000000000005a       0x3a ./Core/Src/main.o
 .ARM.attributes
                0x0000000000000094       0x3a ./Core/Src/stm32u5xx_hal_msp.o
 .ARM.attributes
                0x00000000000000ce       0x3a ./Core/Src/stm32u5xx_hal_timebase_tim.o
 .ARM.attributes
                0x0000000000000108       0x3a ./Core/Src/stm32u5xx_it.o
 .ARM.attributes
                0x0000000000000142       0x3a ./Core/Src/system_stm32u5xx.o
 .ARM.attributes
                0x000000000000017c       0x24 ./Core/Startup/startup_stm32u575zitxq.o
 .ARM.attributes
                0x00000000000001a0       0x3a ./Drivers/STM32U5xx_HAL_Driver/Src/stm32u5xx_hal.o
 .ARM.attributes
                0x00000000000001da       0x3a ./Drivers/STM32U5xx_HAL_Driver/Src/stm32u5xx_hal_cortex.o
 .ARM.attributes
                0x0000000000000214       0x3a ./Drivers/STM32U5xx_HAL_Driver/Src/stm32u5xx_hal_gpio.o
 .ARM.attributes
                0x000000000000024e       0x3a ./Drivers/STM32U5xx_HAL_Driver/Src/stm32u5xx_hal_icache.o
 .ARM.attributes
                0x0000000000000288       0x3a ./Drivers/STM32U5xx_HAL_Driver/Src/stm32u5xx_hal_pwr_ex.o
 .ARM.attributes
                0x00000000000002c2       0x3a ./Drivers/STM32U5xx_HAL_Driver/Src/stm32u5xx_hal_rcc.o
 .ARM.attributes
                0x00000000000002fc       0x3a ./Drivers/STM32U5xx_HAL_Driver/Src/stm32u5xx_hal_tim.o
 .ARM.attributes
                0x0000000000000336       0x3a ./Drivers/STM32U5xx_HAL_Driver/Src/stm32u5xx_hal_tim_ex.o
 .ARM.attributes
                0x0000000000000370       0x38 c:/st/stm32cubeide_1.11.0/stm32cubeide/plugins/com.st.stm32cube.ide.mcu.externaltools.gnu-tools-for-stm32.10.3-2021.10.win32_1.0.100.202210260954/tools/bin/../lib/gcc/arm-none-eabi/10.3.1/../../../../arm-none-eabi/lib/thumb/v8-m.main+fp/hard\libc_nano.a(lib_a-init.o)
 .ARM.attributes
                0x00000000000003a8       0x38 c:/st/stm32cubeide_1.11.0/stm32cubeide/plugins/com.st.stm32cube.ide.mcu.externaltools.gnu-tools-for-stm32.10.3-2021.10.win32_1.0.100.202210260954/tools/bin/../lib/gcc/arm-none-eabi/10.3.1/../../../../arm-none-eabi/lib/thumb/v8-m.main+fp/hard\libc_nano.a(lib_a-memset.o)
 .ARM.attributes
                0x00000000000003e0       0x22 c:/st/stm32cubeide_1.11.0/stm32cubeide/plugins/com.st.stm32cube.ide.mcu.externaltools.gnu-tools-for-stm32.10.3-2021.10.win32_1.0.100.202210260954/tools/bin/../lib/gcc/arm-none-eabi/10.3.1/thumb/v8-m.main+fp/hard/crtn.o
OUTPUT(blink_led.elf elf32-littlearm)
LOAD linker stubs
LOAD c:/st/stm32cubeide_1.11.0/stm32cubeide/plugins/com.st.stm32cube.ide.mcu.externaltools.gnu-tools-for-stm32.10.3-2021.10.win32_1.0.100.202210260954/tools/bin/../lib/gcc/arm-none-eabi/10.3.1/../../../../arm-none-eabi/lib/thumb/v8-m.main+fp/hard\libc.a
LOAD c:/st/stm32cubeide_1.11.0/stm32cubeide/plugins/com.st.stm32cube.ide.mcu.externaltools.gnu-tools-for-stm32.10.3-2021.10.win32_1.0.100.202210260954/tools/bin/../lib/gcc/arm-none-eabi/10.3.1/../../../../arm-none-eabi/lib/thumb/v8-m.main+fp/hard\libm.a
LOAD c:/st/stm32cubeide_1.11.0/stm32cubeide/plugins/com.st.stm32cube.ide.mcu.externaltools.gnu-tools-for-stm32.10.3-2021.10.win32_1.0.100.202210260954/tools/bin/../lib/gcc/arm-none-eabi/10.3.1/thumb/v8-m.main+fp/hard\libgcc.a

.debug_info     0x0000000000000000     0xe8c6
 .debug_info    0x0000000000000000     0x12d6 ./Core/Src/main.o
 .debug_info    0x00000000000012d6      0x49f ./Core/Src/stm32u5xx_hal_msp.o
 .debug_info    0x0000000000001775     0x11d5 ./Core/Src/stm32u5xx_hal_timebase_tim.o
 .debug_info    0x000000000000294a      0x9d3 ./Core/Src/stm32u5xx_it.o
 .debug_info    0x000000000000331d      0x8f2 ./Core/Src/system_stm32u5xx.o
 .debug_info    0x0000000000003c0f       0x22 ./Core/Startup/startup_stm32u575zitxq.o
 .debug_info    0x0000000000003c31     0x11b5 ./Drivers/STM32U5xx_HAL_Driver/Src/stm32u5xx_hal.o
 .debug_info    0x0000000000004de6     0x15b9 ./Drivers/STM32U5xx_HAL_Driver/Src/stm32u5xx_hal_cortex.o
 .debug_info    0x000000000000639f      0x880 ./Drivers/STM32U5xx_HAL_Driver/Src/stm32u5xx_hal_gpio.o
 .debug_info    0x0000000000006c1f      0x592 ./Drivers/STM32U5xx_HAL_Driver/Src/stm32u5xx_hal_icache.o
 .debug_info    0x00000000000071b1      0xe83 ./Drivers/STM32U5xx_HAL_Driver/Src/stm32u5xx_hal_pwr_ex.o
 .debug_info    0x0000000000008034     0x1392 ./Drivers/STM32U5xx_HAL_Driver/Src/stm32u5xx_hal_rcc.o
 .debug_info    0x00000000000093c6     0x309f ./Drivers/STM32U5xx_HAL_Driver/Src/stm32u5xx_hal_tim.o
 .debug_info    0x000000000000c465     0x2461 ./Drivers/STM32U5xx_HAL_Driver/Src/stm32u5xx_hal_tim_ex.o

.debug_abbrev   0x0000000000000000     0x1cf9
 .debug_abbrev  0x0000000000000000      0x2d8 ./Core/Src/main.o
 .debug_abbrev  0x00000000000002d8       0xf6 ./Core/Src/stm32u5xx_hal_msp.o
 .debug_abbrev  0x00000000000003ce      0x22c ./Core/Src/stm32u5xx_hal_timebase_tim.o
 .debug_abbrev  0x00000000000005fa      0x1a2 ./Core/Src/stm32u5xx_it.o
 .debug_abbrev  0x000000000000079c      0x127 ./Core/Src/system_stm32u5xx.o
 .debug_abbrev  0x00000000000008c3       0x12 ./Core/Startup/startup_stm32u575zitxq.o
 .debug_abbrev  0x00000000000008d5      0x285 ./Drivers/STM32U5xx_HAL_Driver/Src/stm32u5xx_hal.o
 .debug_abbrev  0x0000000000000b5a      0x303 ./Drivers/STM32U5xx_HAL_Driver/Src/stm32u5xx_hal_cortex.o
 .debug_abbrev  0x0000000000000e5d      0x246 ./Drivers/STM32U5xx_HAL_Driver/Src/stm32u5xx_hal_gpio.o
 .debug_abbrev  0x00000000000010a3      0x22f ./Drivers/STM32U5xx_HAL_Driver/Src/stm32u5xx_hal_icache.o
 .debug_abbrev  0x00000000000012d2      0x20d ./Drivers/STM32U5xx_HAL_Driver/Src/stm32u5xx_hal_pwr_ex.o
 .debug_abbrev  0x00000000000014df      0x2b9 ./Drivers/STM32U5xx_HAL_Driver/Src/stm32u5xx_hal_rcc.o
 .debug_abbrev  0x0000000000001798      0x2a6 ./Drivers/STM32U5xx_HAL_Driver/Src/stm32u5xx_hal_tim.o
 .debug_abbrev  0x0000000000001a3e      0x2bb ./Drivers/STM32U5xx_HAL_Driver/Src/stm32u5xx_hal_tim_ex.o

.debug_aranges  0x0000000000000000      0xda0
 .debug_aranges
                0x0000000000000000       0x50 ./Core/Src/main.o
 .debug_aranges
                0x0000000000000050       0x20 ./Core/Src/stm32u5xx_hal_msp.o
 .debug_aranges
                0x0000000000000070       0x30 ./Core/Src/stm32u5xx_hal_timebase_tim.o
 .debug_aranges
                0x00000000000000a0       0x68 ./Core/Src/stm32u5xx_it.o
 .debug_aranges
                0x0000000000000108       0x28 ./Core/Src/system_stm32u5xx.o
 .debug_aranges
                0x0000000000000130       0x28 ./Core/Startup/startup_stm32u575zitxq.o
 .debug_aranges
                0x0000000000000158      0x120 ./Drivers/STM32U5xx_HAL_Driver/Src/stm32u5xx_hal.o
 .debug_aranges
                0x0000000000000278      0x130 ./Drivers/STM32U5xx_HAL_Driver/Src/stm32u5xx_hal_cortex.o
 .debug_aranges
                0x00000000000003a8       0x70 ./Drivers/STM32U5xx_HAL_Driver/Src/stm32u5xx_hal_gpio.o
 .debug_aranges
                0x0000000000000418       0xa8 ./Drivers/STM32U5xx_HAL_Driver/Src/stm32u5xx_hal_icache.o
 .debug_aranges
                0x00000000000004c0      0x200 ./Drivers/STM32U5xx_HAL_Driver/Src/stm32u5xx_hal_pwr_ex.o
 .debug_aranges
                0x00000000000006c0       0xa8 ./Drivers/STM32U5xx_HAL_Driver/Src/stm32u5xx_hal_rcc.o
 .debug_aranges
                0x0000000000000768      0x3e8 ./Drivers/STM32U5xx_HAL_Driver/Src/stm32u5xx_hal_tim.o
 .debug_aranges
                0x0000000000000b50      0x250 ./Drivers/STM32U5xx_HAL_Driver/Src/stm32u5xx_hal_tim_ex.o

.debug_ranges   0x0000000000000000      0xcc8
 .debug_ranges  0x0000000000000000       0x40 ./Core/Src/main.o
 .debug_ranges  0x0000000000000040       0x10 ./Core/Src/stm32u5xx_hal_msp.o
 .debug_ranges  0x0000000000000050       0x20 ./Core/Src/stm32u5xx_hal_timebase_tim.o
 .debug_ranges  0x0000000000000070       0x58 ./Core/Src/stm32u5xx_it.o
 .debug_ranges  0x00000000000000c8       0x18 ./Core/Src/system_stm32u5xx.o
 .debug_ranges  0x00000000000000e0       0x20 ./Core/Startup/startup_stm32u575zitxq.o
 .debug_ranges  0x0000000000000100      0x110 ./Drivers/STM32U5xx_HAL_Driver/Src/stm32u5xx_hal.o
 .debug_ranges  0x0000000000000210      0x120 ./Drivers/STM32U5xx_HAL_Driver/Src/stm32u5xx_hal_cortex.o
 .debug_ranges  0x0000000000000330       0x60 ./Drivers/STM32U5xx_HAL_Driver/Src/stm32u5xx_hal_gpio.o
 .debug_ranges  0x0000000000000390       0x98 ./Drivers/STM32U5xx_HAL_Driver/Src/stm32u5xx_hal_icache.o
 .debug_ranges  0x0000000000000428      0x1f0 ./Drivers/STM32U5xx_HAL_Driver/Src/stm32u5xx_hal_pwr_ex.o
 .debug_ranges  0x0000000000000618       0x98 ./Drivers/STM32U5xx_HAL_Driver/Src/stm32u5xx_hal_rcc.o
 .debug_ranges  0x00000000000006b0      0x3d8 ./Drivers/STM32U5xx_HAL_Driver/Src/stm32u5xx_hal_tim.o
 .debug_ranges  0x0000000000000a88      0x240 ./Drivers/STM32U5xx_HAL_Driver/Src/stm32u5xx_hal_tim_ex.o

.debug_macro    0x0000000000000000    0x30ad1
 .debug_macro   0x0000000000000000      0x272 ./Core/Src/main.o
 .debug_macro   0x0000000000000272      0xa7e ./Core/Src/main.o
 .debug_macro   0x0000000000000cf0      0x1e0 ./Core/Src/main.o
 .debug_macro   0x0000000000000ed0       0x2e ./Core/Src/main.o
 .debug_macro   0x0000000000000efe       0x42 ./Core/Src/main.o
 .debug_macro   0x0000000000000f40       0x22 ./Core/Src/main.o
 .debug_macro   0x0000000000000f62       0x8e ./Core/Src/main.o
 .debug_macro   0x0000000000000ff0       0x51 ./Core/Src/main.o
 .debug_macro   0x0000000000001041      0x103 ./Core/Src/main.o
 .debug_macro   0x0000000000001144       0x6a ./Core/Src/main.o
 .debug_macro   0x00000000000011ae      0x1df ./Core/Src/main.o
 .debug_macro   0x000000000000138d       0x1c ./Core/Src/main.o
 .debug_macro   0x00000000000013a9       0x29 ./Core/Src/main.o
 .debug_macro   0x00000000000013d2       0xfb ./Core/Src/main.o
 .debug_macro   0x00000000000014cd     0x1336 ./Core/Src/main.o
 .debug_macro   0x0000000000002803       0x5e ./Core/Src/main.o
 .debug_macro   0x0000000000002861    0x226bd ./Core/Src/main.o
 .debug_macro   0x0000000000024f1e       0x6d ./Core/Src/main.o
 .debug_macro   0x0000000000024f8b     0x3794 ./Core/Src/main.o
 .debug_macro   0x000000000002871f      0x174 ./Core/Src/main.o
 .debug_macro   0x0000000000028893       0x52 ./Core/Src/main.o
 .debug_macro   0x00000000000288e5       0x1e ./Core/Src/main.o
 .debug_macro   0x0000000000028903       0x3c ./Core/Src/main.o
 .debug_macro   0x000000000002893f       0x34 ./Core/Src/main.o
 .debug_macro   0x0000000000028973       0x16 ./Core/Src/main.o
 .debug_macro   0x0000000000028989       0x43 ./Core/Src/main.o
 .debug_macro   0x00000000000289cc       0x34 ./Core/Src/main.o
 .debug_macro   0x0000000000028a00       0x10 ./Core/Src/main.o
 .debug_macro   0x0000000000028a10       0x58 ./Core/Src/main.o
 .debug_macro   0x0000000000028a68       0x71 ./Core/Src/main.o
 .debug_macro   0x0000000000028ad9       0x1c ./Core/Src/main.o
 .debug_macro   0x0000000000028af5      0x12a ./Core/Src/main.o
 .debug_macro   0x0000000000028c1f      0x341 ./Core/Src/main.o
 .debug_macro   0x0000000000028f60      0x19b ./Core/Src/main.o
 .debug_macro   0x00000000000290fb       0x5d ./Core/Src/main.o
 .debug_macro   0x0000000000029158     0x1bb7 ./Core/Src/main.o
 .debug_macro   0x000000000002ad0f      0x7ff ./Core/Src/main.o
 .debug_macro   0x000000000002b50e      0x158 ./Core/Src/main.o
 .debug_macro   0x000000000002b666      0x2aa ./Core/Src/main.o
 .debug_macro   0x000000000002b910       0xc8 ./Core/Src/main.o
 .debug_macro   0x000000000002b9d8      0x5a5 ./Core/Src/main.o
 .debug_macro   0x000000000002bf7d      0x432 ./Core/Src/main.o
 .debug_macro   0x000000000002c3af       0xd6 ./Core/Src/main.o
 .debug_macro   0x000000000002c485      0x1cd ./Core/Src/main.o
 .debug_macro   0x000000000002c652      0x432 ./Core/Src/main.o
 .debug_macro   0x000000000002ca84       0x95 ./Core/Src/main.o
 .debug_macro   0x000000000002cb19      0x11c ./Core/Src/main.o
 .debug_macro   0x000000000002cc35      0x517 ./Core/Src/main.o
 .debug_macro   0x000000000002d14c      0x4d4 ./Core/Src/main.o
 .debug_macro   0x000000000002d620      0xbc5 ./Core/Src/main.o
 .debug_macro   0x000000000002e1e5      0x4ea ./Core/Src/main.o
 .debug_macro   0x000000000002e6cf      0x1b7 ./Core/Src/main.o
 .debug_macro   0x000000000002e886      0x361 ./Core/Src/main.o
 .debug_macro   0x000000000002ebe7       0x58 ./Core/Src/main.o
 .debug_macro   0x000000000002ec3f      0x272 ./Core/Src/stm32u5xx_hal_msp.o
 .debug_macro   0x000000000002eeb1      0x263 ./Core/Src/stm32u5xx_hal_timebase_tim.o
 .debug_macro   0x000000000002f114      0x27c ./Core/Src/stm32u5xx_it.o
 .debug_macro   0x000000000002f390      0x26a ./Core/Src/system_stm32u5xx.o
 .debug_macro   0x000000000002f5fa      0x287 ./Drivers/STM32U5xx_HAL_Driver/Src/stm32u5xx_hal.o
 .debug_macro   0x000000000002f881      0x263 ./Drivers/STM32U5xx_HAL_Driver/Src/stm32u5xx_hal_cortex.o
 .debug_macro   0x000000000002fae4      0x295 ./Drivers/STM32U5xx_HAL_Driver/Src/stm32u5xx_hal_gpio.o
 .debug_macro   0x000000000002fd79      0x293 ./Drivers/STM32U5xx_HAL_Driver/Src/stm32u5xx_hal_icache.o
 .debug_macro   0x000000000003000c      0x28e ./Drivers/STM32U5xx_HAL_Driver/Src/stm32u5xx_hal_pwr_ex.o
 .debug_macro   0x000000000003029a      0x363 ./Drivers/STM32U5xx_HAL_Driver/Src/stm32u5xx_hal_rcc.o
 .debug_macro   0x00000000000305fd      0x26b ./Drivers/STM32U5xx_HAL_Driver/Src/stm32u5xx_hal_tim.o
 .debug_macro   0x0000000000030868      0x269 ./Drivers/STM32U5xx_HAL_Driver/Src/stm32u5xx_hal_tim_ex.o

.debug_line     0x0000000000000000     0xeb8a
 .debug_line    0x0000000000000000      0x965 ./Core/Src/main.o
 .debug_line    0x0000000000000965      0x7dc ./Core/Src/stm32u5xx_hal_msp.o
 .debug_line    0x0000000000001141      0x845 ./Core/Src/stm32u5xx_hal_timebase_tim.o
 .debug_line    0x0000000000001986      0x8b2 ./Core/Src/stm32u5xx_it.o
 .debug_line    0x0000000000002238      0x8d5 ./Core/Src/system_stm32u5xx.o
 .debug_line    0x0000000000002b0d       0x86 ./Core/Startup/startup_stm32u575zitxq.o
 .debug_line    0x0000000000002b93      0xb9f ./Drivers/STM32U5xx_HAL_Driver/Src/stm32u5xx_hal.o
 .debug_line    0x0000000000003732      0xde4 ./Drivers/STM32U5xx_HAL_Driver/Src/stm32u5xx_hal_cortex.o
 .debug_line    0x0000000000004516      0xd29 ./Drivers/STM32U5xx_HAL_Driver/Src/stm32u5xx_hal_gpio.o
 .debug_line    0x000000000000523f      0xac7 ./Drivers/STM32U5xx_HAL_Driver/Src/stm32u5xx_hal_icache.o
 .debug_line    0x0000000000005d06     0x1162 ./Drivers/STM32U5xx_HAL_Driver/Src/stm32u5xx_hal_pwr_ex.o
 .debug_line    0x0000000000006e68     0x1577 ./Drivers/STM32U5xx_HAL_Driver/Src/stm32u5xx_hal_rcc.o
 .debug_line    0x00000000000083df     0x4488 ./Drivers/STM32U5xx_HAL_Driver/Src/stm32u5xx_hal_tim.o
 .debug_line    0x000000000000c867     0x2323 ./Drivers/STM32U5xx_HAL_Driver/Src/stm32u5xx_hal_tim_ex.o

.debug_str      0x0000000000000000   0x137b71
 .debug_str     0x0000000000000000   0x132879 ./Core/Src/main.o
                                     0x13340c (size before relaxing)
 .debug_str     0x0000000000132879       0x49 ./Core/Src/stm32u5xx_hal_msp.o
                                     0x132960 (size before relaxing)
 .debug_str     0x00000000001328c2      0x7ea ./Core/Src/stm32u5xx_hal_timebase_tim.o
                                     0x133718 (size before relaxing)
 .debug_str     0x00000000001330ac       0xe1 ./Core/Src/stm32u5xx_it.o
                                     0x132e99 (size before relaxing)
 .debug_str     0x000000000013318d      0x1b8 ./Core/Src/system_stm32u5xx.o
                                     0x132972 (size before relaxing)
 .debug_str     0x0000000000133345       0x37 ./Core/Startup/startup_stm32u575zitxq.o
                                         0x74 (size before relaxing)
 .debug_str     0x000000000013337c      0x6c6 ./Drivers/STM32U5xx_HAL_Driver/Src/stm32u5xx_hal.o
                                     0x13371f (size before relaxing)
 .debug_str     0x0000000000133a42      0x3aa ./Drivers/STM32U5xx_HAL_Driver/Src/stm32u5xx_hal_cortex.o
                                     0x133546 (size before relaxing)
 .debug_str     0x0000000000133dec      0x2b9 ./Drivers/STM32U5xx_HAL_Driver/Src/stm32u5xx_hal_gpio.o
                                     0x132979 (size before relaxing)
 .debug_str     0x00000000001340a5      0x68a ./Drivers/STM32U5xx_HAL_Driver/Src/stm32u5xx_hal_icache.o
                                     0x132cc6 (size before relaxing)
 .debug_str     0x000000000013472f      0x807 ./Drivers/STM32U5xx_HAL_Driver/Src/stm32u5xx_hal_pwr_ex.o
                                     0x1330a8 (size before relaxing)
 .debug_str     0x0000000000134f36     0x129c ./Drivers/STM32U5xx_HAL_Driver/Src/stm32u5xx_hal_rcc.o
                                     0x134049 (size before relaxing)
 .debug_str     0x00000000001361d2      0xfd4 ./Drivers/STM32U5xx_HAL_Driver/Src/stm32u5xx_hal_tim.o
                                     0x133db6 (size before relaxing)
 .debug_str     0x00000000001371a6      0x9cb ./Drivers/STM32U5xx_HAL_Driver/Src/stm32u5xx_hal_tim_ex.o
                                     0x133c3e (size before relaxing)

.comment        0x0000000000000000       0x50
 .comment       0x0000000000000000       0x50 ./Core/Src/main.o
                                         0x51 (size before relaxing)
 .comment       0x0000000000000050       0x51 ./Core/Src/stm32u5xx_hal_msp.o
 .comment       0x0000000000000050       0x51 ./Core/Src/stm32u5xx_hal_timebase_tim.o
 .comment       0x0000000000000050       0x51 ./Core/Src/stm32u5xx_it.o
 .comment       0x0000000000000050       0x51 ./Core/Src/system_stm32u5xx.o
 .comment       0x0000000000000050       0x51 ./Drivers/STM32U5xx_HAL_Driver/Src/stm32u5xx_hal.o
 .comment       0x0000000000000050       0x51 ./Drivers/STM32U5xx_HAL_Driver/Src/stm32u5xx_hal_cortex.o
 .comment       0x0000000000000050       0x51 ./Drivers/STM32U5xx_HAL_Driver/Src/stm32u5xx_hal_gpio.o
 .comment       0x0000000000000050       0x51 ./Drivers/STM32U5xx_HAL_Driver/Src/stm32u5xx_hal_icache.o
 .comment       0x0000000000000050       0x51 ./Drivers/STM32U5xx_HAL_Driver/Src/stm32u5xx_hal_pwr_ex.o
 .comment       0x0000000000000050       0x51 ./Drivers/STM32U5xx_HAL_Driver/Src/stm32u5xx_hal_rcc.o
 .comment       0x0000000000000050       0x51 ./Drivers/STM32U5xx_HAL_Driver/Src/stm32u5xx_hal_tim.o
 .comment       0x0000000000000050       0x51 ./Drivers/STM32U5xx_HAL_Driver/Src/stm32u5xx_hal_tim_ex.o

.debug_frame    0x0000000000000000     0x3910
 .debug_frame   0x0000000000000000       0xec ./Core/Src/main.o
 .debug_frame   0x00000000000000ec       0x34 ./Core/Src/stm32u5xx_hal_msp.o
 .debug_frame   0x0000000000000120       0x74 ./Core/Src/stm32u5xx_hal_timebase_tim.o
 .debug_frame   0x0000000000000194      0x124 ./Core/Src/stm32u5xx_it.o
 .debug_frame   0x00000000000002b8       0x58 ./Core/Src/system_stm32u5xx.o
 .debug_frame   0x0000000000000310      0x460 ./Drivers/STM32U5xx_HAL_Driver/Src/stm32u5xx_hal.o
 .debug_frame   0x0000000000000770      0x508 ./Drivers/STM32U5xx_HAL_Driver/Src/stm32u5xx_hal_cortex.o
 .debug_frame   0x0000000000000c78      0x1c4 ./Drivers/STM32U5xx_HAL_Driver/Src/stm32u5xx_hal_gpio.o
 .debug_frame   0x0000000000000e3c      0x29c ./Drivers/STM32U5xx_HAL_Driver/Src/stm32u5xx_hal_icache.o
 .debug_frame   0x00000000000010d8      0x84c ./Drivers/STM32U5xx_HAL_Driver/Src/stm32u5xx_hal_pwr_ex.o
 .debug_frame   0x0000000000001924      0x28c ./Drivers/STM32U5xx_HAL_Driver/Src/stm32u5xx_hal_rcc.o
 .debug_frame   0x0000000000001bb0     0x125c ./Drivers/STM32U5xx_HAL_Driver/Src/stm32u5xx_hal_tim.o
 .debug_frame   0x0000000000002e0c      0xab8 ./Drivers/STM32U5xx_HAL_Driver/Src/stm32u5xx_hal_tim_ex.o
 .debug_frame   0x00000000000038c4       0x2c c:/st/stm32cubeide_1.11.0/stm32cubeide/plugins/com.st.stm32cube.ide.mcu.externaltools.gnu-tools-for-stm32.10.3-2021.10.win32_1.0.100.202210260954/tools/bin/../lib/gcc/arm-none-eabi/10.3.1/../../../../arm-none-eabi/lib/thumb/v8-m.main+fp/hard\libc_nano.a(lib_a-init.o)
 .debug_frame   0x00000000000038f0       0x20 c:/st/stm32cubeide_1.11.0/stm32cubeide/plugins/com.st.stm32cube.ide.mcu.externaltools.gnu-tools-for-stm32.10.3-2021.10.win32_1.0.100.202210260954/tools/bin/../lib/gcc/arm-none-eabi/10.3.1/../../../../arm-none-eabi/lib/thumb/v8-m.main+fp/hard\libc_nano.a(lib_a-memset.o)
